../Core/Src/pid.h:4:7:PID_Control	72	static
../Core/Src/impl.h:18:5:xprintf	152	static
../Core/Src/impl.h:38:9:getMotorDeltaLeft	24	static
../Core/Src/impl.h:58:9:getMotorDeltaRight	24	static
../Core/Src/impl.h:76:6:setMotorDeltaLeft	24	static
../Core/Src/main.c:80:5:main	40	static
../Core/Src/main.c:174:6:SystemClock_Config	88	static
../Core/Src/main.c:220:13:MX_SPI1_Init	8	static
../Core/Src/main.c:257:13:MX_TIM2_Init	64	static
../Core/Src/main.c:316:13:MX_TIM3_Init	32	static
../Core/Src/main.c:361:13:MX_TIM4_Init	64	static
../Core/Src/main.c:421:13:MX_TIM5_Init	56	static
../Core/Src/main.c:468:13:MX_DMA_Init	16	static
../Core/Src/main.c:489:13:MX_GPIO_Init	48	static
../Core/Src/main.c:523:6:Error_Handler	4	static,ignoring_inline_asm
