../Core/Src/xprintf.h:5:5:xprintf	144	static
../Core/Src/impl.h:19:7:constrain	24	static
../Core/Src/impl.h:29:7:mapf	32	static
../Core/Src/impl.h:33:7:lerpf	24	static
../Core/Src/impl.h:37:21:GetMicros	16	static,ignoring_inline_asm
../Core/Src/impl.h:51:7:PID_Control_L	64	static
../Core/Src/impl.h:84:7:PID_Control_R	64	static
../Core/Src/impl.h:117:9:getMotorDeltaLeft	24	static
../Core/Src/impl.h:137:9:getMotorDeltaRight	24	static
../Core/Src/impl.h:157:6:setMotorDeltaLeft	24	static
../Core/Src/impl.h:175:6:setMotorDeltaRight	24	static
../Core/Src/main.c:82:5:main	24	static
../Core/Src/main.c:180:6:SystemClock_Config	88	static
../Core/Src/main.c:226:13:MX_SPI1_Init	8	static
../Core/Src/main.c:263:13:MX_TIM1_Init	112	static
../Core/Src/main.c:342:13:MX_TIM2_Init	32	static
../Core/Src/main.c:387:13:MX_TIM3_Init	32	static
../Core/Src/main.c:432:13:MX_TIM4_Init	64	static
../Core/Src/main.c:497:13:MX_TIM5_Init	56	static
../Core/Src/main.c:544:13:MX_DMA_Init	16	static
../Core/Src/main.c:565:13:MX_GPIO_Init	48	static
../Core/Src/main.c:609:6:Error_Handler	4	static,ignoring_inline_asm
