Archive member included to satisfy reference by file (symbol)

/opt/st/stm32cubeide_1.14.0/plugins/com.st.stm32cube.ide.mcu.externaltools.gnu-tools-for-stm32.11.3.rel1.linux64_1.1.100.202309141235/tools/bin/../lib/gcc/arm-none-eabi/11.3.1/../../../../arm-none-eabi/lib/thumb/v7e-m+fp/hard/libc_nano.a(libc_a-exit.o)
                              /opt/st/stm32cubeide_1.14.0/plugins/com.st.stm32cube.ide.mcu.externaltools.gnu-tools-for-stm32.11.3.rel1.linux64_1.1.100.202309141235/tools/bin/../lib/gcc/arm-none-eabi/11.3.1/../../../../arm-none-eabi/lib/thumb/v7e-m+fp/hard/crt0.o (exit)
/opt/st/stm32cubeide_1.14.0/plugins/com.st.stm32cube.ide.mcu.externaltools.gnu-tools-for-stm32.11.3.rel1.linux64_1.1.100.202309141235/tools/bin/../lib/gcc/arm-none-eabi/11.3.1/../../../../arm-none-eabi/lib/thumb/v7e-m+fp/hard/libc_nano.a(libc_a-findfp.o)
                              /opt/st/stm32cubeide_1.14.0/plugins/com.st.stm32cube.ide.mcu.externaltools.gnu-tools-for-stm32.11.3.rel1.linux64_1.1.100.202309141235/tools/bin/../lib/gcc/arm-none-eabi/11.3.1/../../../../arm-none-eabi/lib/thumb/v7e-m+fp/hard/libc_nano.a(libc_a-exit.o) (__stdio_exit_handler)
/opt/st/stm32cubeide_1.14.0/plugins/com.st.stm32cube.ide.mcu.externaltools.gnu-tools-for-stm32.11.3.rel1.linux64_1.1.100.202309141235/tools/bin/../lib/gcc/arm-none-eabi/11.3.1/../../../../arm-none-eabi/lib/thumb/v7e-m+fp/hard/libc_nano.a(libc_a-fwalk.o)
                              /opt/st/stm32cubeide_1.14.0/plugins/com.st.stm32cube.ide.mcu.externaltools.gnu-tools-for-stm32.11.3.rel1.linux64_1.1.100.202309141235/tools/bin/../lib/gcc/arm-none-eabi/11.3.1/../../../../arm-none-eabi/lib/thumb/v7e-m+fp/hard/libc_nano.a(libc_a-findfp.o) (_fwalk_sglue)
/opt/st/stm32cubeide_1.14.0/plugins/com.st.stm32cube.ide.mcu.externaltools.gnu-tools-for-stm32.11.3.rel1.linux64_1.1.100.202309141235/tools/bin/../lib/gcc/arm-none-eabi/11.3.1/../../../../arm-none-eabi/lib/thumb/v7e-m+fp/hard/libc_nano.a(libc_a-sprintf.o)
                              ./Core/Src/main.o (sprintf)
/opt/st/stm32cubeide_1.14.0/plugins/com.st.stm32cube.ide.mcu.externaltools.gnu-tools-for-stm32.11.3.rel1.linux64_1.1.100.202309141235/tools/bin/../lib/gcc/arm-none-eabi/11.3.1/../../../../arm-none-eabi/lib/thumb/v7e-m+fp/hard/libc_nano.a(libc_a-stdio.o)
                              /opt/st/stm32cubeide_1.14.0/plugins/com.st.stm32cube.ide.mcu.externaltools.gnu-tools-for-stm32.11.3.rel1.linux64_1.1.100.202309141235/tools/bin/../lib/gcc/arm-none-eabi/11.3.1/../../../../arm-none-eabi/lib/thumb/v7e-m+fp/hard/libc_nano.a(libc_a-findfp.o) (__sread)
/opt/st/stm32cubeide_1.14.0/plugins/com.st.stm32cube.ide.mcu.externaltools.gnu-tools-for-stm32.11.3.rel1.linux64_1.1.100.202309141235/tools/bin/../lib/gcc/arm-none-eabi/11.3.1/../../../../arm-none-eabi/lib/thumb/v7e-m+fp/hard/libc_nano.a(libc_a-memset.o)
                              /opt/st/stm32cubeide_1.14.0/plugins/com.st.stm32cube.ide.mcu.externaltools.gnu-tools-for-stm32.11.3.rel1.linux64_1.1.100.202309141235/tools/bin/../lib/gcc/arm-none-eabi/11.3.1/../../../../arm-none-eabi/lib/thumb/v7e-m+fp/hard/crt0.o (memset)
/opt/st/stm32cubeide_1.14.0/plugins/com.st.stm32cube.ide.mcu.externaltools.gnu-tools-for-stm32.11.3.rel1.linux64_1.1.100.202309141235/tools/bin/../lib/gcc/arm-none-eabi/11.3.1/../../../../arm-none-eabi/lib/thumb/v7e-m+fp/hard/libc_nano.a(libc_a-closer.o)
                              /opt/st/stm32cubeide_1.14.0/plugins/com.st.stm32cube.ide.mcu.externaltools.gnu-tools-for-stm32.11.3.rel1.linux64_1.1.100.202309141235/tools/bin/../lib/gcc/arm-none-eabi/11.3.1/../../../../arm-none-eabi/lib/thumb/v7e-m+fp/hard/libc_nano.a(libc_a-stdio.o) (_close_r)
/opt/st/stm32cubeide_1.14.0/plugins/com.st.stm32cube.ide.mcu.externaltools.gnu-tools-for-stm32.11.3.rel1.linux64_1.1.100.202309141235/tools/bin/../lib/gcc/arm-none-eabi/11.3.1/../../../../arm-none-eabi/lib/thumb/v7e-m+fp/hard/libc_nano.a(libc_a-reent.o)
                              /opt/st/stm32cubeide_1.14.0/plugins/com.st.stm32cube.ide.mcu.externaltools.gnu-tools-for-stm32.11.3.rel1.linux64_1.1.100.202309141235/tools/bin/../lib/gcc/arm-none-eabi/11.3.1/../../../../arm-none-eabi/lib/thumb/v7e-m+fp/hard/libc_nano.a(libc_a-closer.o) (errno)
/opt/st/stm32cubeide_1.14.0/plugins/com.st.stm32cube.ide.mcu.externaltools.gnu-tools-for-stm32.11.3.rel1.linux64_1.1.100.202309141235/tools/bin/../lib/gcc/arm-none-eabi/11.3.1/../../../../arm-none-eabi/lib/thumb/v7e-m+fp/hard/libc_nano.a(libc_a-impure.o)
                              /opt/st/stm32cubeide_1.14.0/plugins/com.st.stm32cube.ide.mcu.externaltools.gnu-tools-for-stm32.11.3.rel1.linux64_1.1.100.202309141235/tools/bin/../lib/gcc/arm-none-eabi/11.3.1/../../../../arm-none-eabi/lib/thumb/v7e-m+fp/hard/libc_nano.a(libc_a-sprintf.o) (_impure_ptr)
/opt/st/stm32cubeide_1.14.0/plugins/com.st.stm32cube.ide.mcu.externaltools.gnu-tools-for-stm32.11.3.rel1.linux64_1.1.100.202309141235/tools/bin/../lib/gcc/arm-none-eabi/11.3.1/../../../../arm-none-eabi/lib/thumb/v7e-m+fp/hard/libc_nano.a(libc_a-lseekr.o)
[...]
Memory Configuration

Name             Origin             Length             Attributes
RAM              0x0000000020000000 0x0000000000020000 xrw
FLASH            0x0000000008000000 0x0000000000080000 xr
*default*        0x0000000000000000 0xffffffffffffffff

Linker script and memory map

LOAD /opt/st/stm32cubeide_1.14.0/plugins/com.st.stm32cube.ide.mcu.externaltools.gnu-tools-for-stm32.11.3.rel1.linux64_1.1.100.202309141235/tools/bin/../lib/gcc/arm-none-eabi/11.3.1/thumb/v7e-m+fp/hard/crti.o
LOAD /opt/st/stm32cubeide_1.14.0/plugins/com.st.stm32cube.ide.mcu.externaltools.gnu-tools-for-stm32.11.3.rel1.linux64_1.1.100.202309141235/tools/bin/../lib/gcc/arm-none-eabi/11.3.1/thumb/v7e-m+fp/hard/crtbegin.o
LOAD /opt/st/stm32cubeide_1.14.0/plugins/com.st.stm32cube.ide.mcu.externaltools.gnu-tools-for-stm32.11.3.rel1.linux64_1.1.100.202309141235/tools/bin/../lib/gcc/arm-none-eabi/11.3.1/../../../../arm-none-eabi/lib/thumb/v7e-m+fp/hard/crt0.o
LOAD ./Core/Src/main.o
LOAD ./Core/Src/stm32f4xx_hal_msp.o
LOAD ./Core/Src/stm32f4xx_it.o
LOAD ./Core/Src/syscalls.o
LOAD ./Core/Src/sysmem.o
LOAD ./Core/Src/system_stm32f4xx.o
LOAD ./Core/Startup/startup_stm32f411ceux.o
LOAD ./Drivers/STM32F4xx_HAL_Driver/Src/stm32f4xx_hal.o
LOAD ./Drivers/STM32F4xx_HAL_Driver/Src/stm32f4xx_hal_cortex.o
LOAD ./Drivers/STM32F4xx_HAL_Driver/Src/stm32f4xx_hal_dma.o
LOAD ./Drivers/STM32F4xx_HAL_Driver/Src/stm32f4xx_hal_dma_ex.o
LOAD ./Drivers/STM32F4xx_HAL_Driver/Src/stm32f4xx_hal_exti.o
LOAD ./Drivers/STM32F4xx_HAL_Driver/Src/stm32f4xx_hal_flash.o
LOAD ./Drivers/STM32F4xx_HAL_Driver/Src/stm32f4xx_hal_flash_ex.o
LOAD ./Drivers/STM32F4xx_HAL_Driver/Src/stm32f4xx_hal_flash_ramfunc.o
LOAD ./Drivers/STM32F4xx_HAL_Driver/Src/stm32f4xx_hal_gpio.o
LOAD ./Drivers/STM32F4xx_HAL_Driver/Src/stm32f4xx_hal_pcd.o
LOAD ./Drivers/STM32F4xx_HAL_Driver/Src/stm32f4xx_hal_pcd_ex.o
LOAD ./Drivers/STM32F4xx_HAL_Driver/Src/stm32f4xx_hal_pwr.o
LOAD ./Drivers/STM32F4xx_HAL_Driver/Src/stm32f4xx_hal_pwr_ex.o
LOAD ./Drivers/STM32F4xx_HAL_Driver/Src/stm32f4xx_hal_rcc.o
LOAD ./Drivers/STM32F4xx_HAL_Driver/Src/stm32f4xx_hal_rcc_ex.o
LOAD ./Drivers/STM32F4xx_HAL_Driver/Src/stm32f4xx_hal_spi.o
LOAD ./Drivers/STM32F4xx_HAL_Driver/Src/stm32f4xx_hal_tim.o
LOAD ./Drivers/STM32F4xx_HAL_Driver/Src/stm32f4xx_hal_tim_ex.o
LOAD ./Drivers/STM32F4xx_HAL_Driver/Src/stm32f4xx_ll_usb.o
LOAD ./Middlewares/ST/STM32_USB_Device_Library/Class/CDC/Src/usbd_cdc.o
LOAD ./Middlewares/ST/STM32_USB_Device_Library/Core/Src/usbd_core.o
LOAD ./Middlewares/ST/STM32_USB_Device_Library/Core/Src/usbd_ctlreq.o
LOAD ./Middlewares/ST/STM32_USB_Device_Library/Core/Src/usbd_ioreq.o
LOAD ./USB_DEVICE/App/usb_device.o
LOAD ./USB_DEVICE/App/usbd_cdc_if.o
LOAD ./USB_DEVICE/App/usbd_desc.o
LOAD ./USB_DEVICE/Target/usbd_conf.o
START GROUP
LOAD /opt/st/stm32cubeide_1.14.0/plugins/com.st.stm32cube.ide.mcu.externaltools.gnu-tools-for-stm32.11.3.rel1.linux64_1.1.100.202309141235/tools/bin/../lib/gcc/arm-none-eabi/11.3.1/../../../../arm-none-eabi/lib/thumb/v7e-m+fp/hard/libc_nano.a
LOAD /opt/st/stm32cubeide_1.14.0/plugins/com.st.stm32cube.ide.mcu.externaltools.gnu-tools-for-stm32.11.3.rel1.linux64_1.1.100.202309141235/tools/bin/../lib/gcc/arm-none-eabi/11.3.1/../../../../arm-none-eabi/lib/thumb/v7e-m+fp/hard/libm.a
END GROUP
START GROUP
LOAD /opt/st/stm32cubeide_1.14.0/plugins/com.st.stm32cube.ide.mcu.externaltools.gnu-tools-for-stm32.11.3.rel1.linux64_1.1.100.202309141235/tools/bin/../lib/gcc/arm-none-eabi/11.3.1/thumb/v7e-m+fp/hard/libgcc.a
LOAD /opt/st/stm32cubeide_1.14.0/plugins/com.st.stm32cube.ide.mcu.externaltools.gnu-tools-for-stm32.11.3.rel1.linux64_1.1.100.202309141235/tools/bin/../lib/gcc/arm-none-eabi/11.3.1/../../../../arm-none-eabi/lib/thumb/v7e-m+fp/hard/libc_nano.a
END GROUP
START GROUP
LOAD /opt/st/stm32cubeide_1.14.0/plugins/com.st.stm32cube.ide.mcu.externaltools.gnu-tools-for-stm32.11.3.rel1.linux64_1.1.100.202309141235/tools/bin/../lib/gcc/arm-none-eabi/11.3.1/thumb/v7e-m+fp/hard/libgcc.a
LOAD /opt/st/stm32cubeide_1.14.0/plugins/com.st.stm32cube.ide.mcu.externaltools.gnu-tools-for-stm32.11.3.rel1.linux64_1.1.100.202309141235/tools/bin/../lib/gcc/arm-none-eabi/11.3.1/../../../../arm-none-eabi/lib/thumb/v7e-m+fp/hard/libc_nano.a
LOAD /opt/st/stm32cubeide_1.14.0/plugins/com.st.stm32cube.ide.mcu.externaltools.gnu-tools-for-stm32.11.3.rel1.linux64_1.1.100.202309141235/tools/bin/../lib/gcc/arm-none-eabi/11.3.1/../../../../arm-none-eabi/lib/thumb/v7e-m+fp/hard/libnosys.a
END GROUP
START GROUP
LOAD /opt/st/stm32cubeide_1.14.0/plugins/com.st.stm32cube.ide.mcu.externaltools.gnu-tools-for-stm32.11.3.rel1.linux64_1.1.100.202309141235/tools/bin/../lib/gcc/arm-none-eabi/11.3.1/thumb/v7e-m+fp/hard/libgcc.a
LOAD /opt/st/stm32cubeide_1.14.0/plugins/com.st.stm32cube.ide.mcu.externaltools.gnu-tools-for-stm32.11.3.rel1.linux64_1.1.100.202309141235/tools/bin/../lib/gcc/arm-none-eabi/11.3.1/../../../../arm-none-eabi/lib/thumb/v7e-m+fp/hard/libc_nano.a
LOAD /opt/st/stm32cubeide_1.14.0/plugins/com.st.stm32cube.ide.mcu.externaltools.gnu-tools-for-stm32.11.3.rel1.linux64_1.1.100.202309141235/tools/bin/../lib/gcc/arm-none-eabi/11.3.1/../../../../arm-none-eabi/lib/thumb/v7e-m+fp/hard/libnosys.a
END GROUP
LOAD /opt/st/stm32cubeide_1.14.0/plugins/com.st.stm32cube.ide.mcu.externaltools.gnu-tools-for-stm32.11.3.rel1.linux64_1.1.100.202309141235/tools/bin/../lib/gcc/arm-none-eabi/11.3.1/thumb/v7e-m+fp/hard/crtend.o
LOAD /opt/st/stm32cubeide_1.14.0/plugins/com.st.stm32cube.ide.mcu.externaltools.gnu-tools-for-stm32.11.3.rel1.linux64_1.1.100.202309141235/tools/bin/../lib/gcc/arm-none-eabi/11.3.1/thumb/v7e-m+fp/hard/crtn.o
                0x0000000020020000                _estack = (ORIGIN (RAM) + LENGTH (RAM))
                0x0000000000000200                _Min_Heap_Size = 0x200
                0x0000000000000400                _Min_Stack_Size = 0x400

.isr_vector     0x0000000008000000      0x198
                0x0000000008000000                . = ALIGN (0x4)
 *(.isr_vector)
 .isr_vector    0x0000000008000000      0x198 ./Core/Startup/startup_stm32f411ceux.o
                0x0000000008000000                g_pfnVectors
                0x0000000008000198                . = ALIGN (0x4)

.text           0x0000000008000198     0x7e44
                0x0000000008000198                . = ALIGN (0x4)
 *(.text)
 .text          0x0000000008000198       0x40 /opt/st/stm32cubeide_1.14.0/plugins/com.st.stm32cube.ide.mcu.externaltools.gnu-tools-for-stm32.11.3.rel1.linux64_1.1.100.202309141235/tools/bin/../lib/gcc/arm-none-eabi/11.3.1/thumb/v7e-m+fp/hard/crtbegin.o
 .text          0x00000000080001d8       0x30 /opt/st/stm32cubeide_1.14.0/plugins/com.st.stm32cube.ide.mcu.externaltools.gnu-tools-for-stm32.11.3.rel1.linux64_1.1.100.202309141235/tools/bin/../lib/gcc/arm-none-eabi/11.3.1/thumb/v7e-m+fp/hard/libgcc.a(_aeabi_uldivmod.o)
                0x00000000080001d8                __aeabi_uldivmod
 .text          0x0000000008000208      0x2c8 /opt/st/stm32cubeide_1.14.0/plugins/com.st.stm32cube.ide.mcu.externaltools.gnu-tools-for-stm32.11.3.rel1.linux64_1.1.100.202309141235/tools/bin/../lib/gcc/arm-none-eabi/11.3.1/thumb/v7e-m+fp/hard/libgcc.a(_udivmoddi4.o)
                0x0000000008000208                __udivmoddi4
 .text          0x00000000080004d0        0x4 /opt/st/stm32cubeide_1.14.0/plugins/com.st.stm32cube.ide.mcu.externaltools.gnu-tools-for-stm32.11.3.rel1.linux64_1.1.100.202309141235/tools/bin/../lib/gcc/arm-none-eabi/11.3.1/thumb/v7e-m+fp/hard/libgcc.a(_dvmd_tls.o)
                0x00000000080004d0                __aeabi_ldiv0
                0x00000000080004d0                __aeabi_idiv0
 *(.text*)
 .text.transmitDataSPI
                0x00000000080004d4       0x70 ./Core/Src/main.o
                0x00000000080004d4                transmitDataSPI
 .text.main     0x0000000008000544       0x32 ./Core/Src/main.o
                0x0000000008000544                main
 *fill*         0x0000000008000576        0x2 
 .text.SystemClock_Config
                0x0000000008000578       0xd8 ./Core/Src/main.o
                0x0000000008000578                SystemClock_Config
 .text.MX_SPI1_Init
                0x0000000008000650       0x64 ./Core/Src/main.o
 .text.MX_TIM2_Init
                0x00000000080006b4       0xa8 ./Core/Src/main.o
 .text.MX_DMA_Init
                0x000000000800075c       0x50 ./Core/Src/main.o
 .text.MX_GPIO_Init
                0x00000000080007ac       0x88 ./Core/Src/main.o
 .text.Error_Handler
                0x0000000008000834        0xa ./Core/Src/main.o
                0x0000000008000834                Error_Handler
 *fill*         0x000000000800083e        0x2 
 .text.HAL_MspInit
                0x0000000008000840       0x50 ./Core/Src/stm32f4xx_hal_msp.o
                0x0000000008000840                HAL_MspInit
 .text.HAL_SPI_MspInit
                0x0000000008000890      0x1a8 ./Core/Src/stm32f4xx_hal_msp.o
                0x0000000008000890                HAL_SPI_MspInit
 .text.HAL_TIM_Encoder_MspInit
                0x0000000008000a38       0x8c ./Core/Src/stm32f4xx_hal_msp.o
                0x0000000008000a38                HAL_TIM_Encoder_MspInit
 .text.NMI_Handler
                0x0000000008000ac4        0x6 ./Core/Src/stm32f4xx_it.o
                0x0000000008000ac4                NMI_Handler
 .text.HardFault_Handler
                0x0000000008000aca        0x6 ./Core/Src/stm32f4xx_it.o
                0x0000000008000aca                HardFault_Handler
 .text.MemManage_Handler
                0x0000000008000ad0        0x6 ./Core/Src/stm32f4xx_it.o
                0x0000000008000ad0                MemManage_Handler
 .text.BusFault_Handler
                0x0000000008000ad6        0x6 ./Core/Src/stm32f4xx_it.o
                0x0000000008000ad6                BusFault_Handler
 .text.UsageFault_Handler
                0x0000000008000adc        0x6 ./Core/Src/stm32f4xx_it.o
                0x0000000008000adc                UsageFault_Handler
 .text.SVC_Handler
                0x0000000008000ae2        0xe ./Core/Src/stm32f4xx_it.o
                0x0000000008000ae2                SVC_Handler
 .text.DebugMon_Handler
                0x0000000008000af0        0xe ./Core/Src/stm32f4xx_it.o
                0x0000000008000af0                DebugMon_Handler
 .text.PendSV_Handler
                0x0000000008000afe        0xe ./Core/Src/stm32f4xx_it.o
                0x0000000008000afe                PendSV_Handler
 .text.SysTick_Handler
                0x0000000008000b0c        0xc ./Core/Src/stm32f4xx_it.o
                0x0000000008000b0c                SysTick_Handler
 .text.SPI1_IRQHandler
                0x0000000008000b18       0x14 ./Core/Src/stm32f4xx_it.o
                0x0000000008000b18                SPI1_IRQHandler
 .text.DMA2_Stream0_IRQHandler
                0x0000000008000b2c       0x14 ./Core/Src/stm32f4xx_it.o
                0x0000000008000b2c                DMA2_Stream0_IRQHandler
 .text.DMA2_Stream2_IRQHandler
                0x0000000008000b40       0x14 ./Core/Src/stm32f4xx_it.o
                0x0000000008000b40                DMA2_Stream2_IRQHandler
 .text.OTG_FS_IRQHandler
                0x0000000008000b54       0x14 ./Core/Src/stm32f4xx_it.o
                0x0000000008000b54                OTG_FS_IRQHandler
 .text.SystemInit
                0x0000000008000b68       0x24 ./Core/Src/system_stm32f4xx.o
                0x0000000008000b68                SystemInit
 .text.Reset_Handler
                0x0000000008000b8c       0x50 ./Core/Startup/startup_stm32f411ceux.o
                0x0000000008000b8c                Reset_Handler
 .text.Default_Handler
                0x0000000008000bdc        0x2 ./Core/Startup/startup_stm32f411ceux.o
                0x0000000008000bdc                RTC_Alarm_IRQHandler
                0x0000000008000bdc                EXTI2_IRQHandler
                0x0000000008000bdc                SPI4_IRQHandler
                0x0000000008000bdc                TIM1_CC_IRQHandler
                0x0000000008000bdc                DMA2_Stream5_IRQHandler
                0x0000000008000bdc                DMA1_Stream5_IRQHandler
                0x0000000008000bdc                PVD_IRQHandler
                0x0000000008000bdc                SDIO_IRQHandler
                0x0000000008000bdc                TAMP_STAMP_IRQHandler
                0x0000000008000bdc                EXTI3_IRQHandler
                0x0000000008000bdc                TIM1_UP_TIM10_IRQHandler
                0x0000000008000bdc                I2C3_ER_IRQHandler
                0x0000000008000bdc                EXTI0_IRQHandler
                0x0000000008000bdc                I2C2_EV_IRQHandler
                0x0000000008000bdc                DMA1_Stream2_IRQHandler
                0x0000000008000bdc                FPU_IRQHandler
                0x0000000008000bdc                TIM1_BRK_TIM9_IRQHandler
                0x0000000008000bdc                DMA2_Stream3_IRQHandler
                0x0000000008000bdc                USART6_IRQHandler
                0x0000000008000bdc                TIM4_IRQHandler
                0x0000000008000bdc                I2C1_EV_IRQHandler
                0x0000000008000bdc                DMA1_Stream6_IRQHandler
                0x0000000008000bdc                DMA1_Stream1_IRQHandler
                0x0000000008000bdc                TIM3_IRQHandler
                0x0000000008000bdc                RCC_IRQHandler
                0x0000000008000bdc                Default_Handler
                0x0000000008000bdc                EXTI15_10_IRQHandler
                0x0000000008000bdc                ADC_IRQHandler
                0x0000000008000bdc                DMA1_Stream7_IRQHandler
                0x0000000008000bdc                SPI5_IRQHandler
                0x0000000008000bdc                TIM5_IRQHandler
                0x0000000008000bdc                DMA2_Stream7_IRQHandler
                0x0000000008000bdc                I2C3_EV_IRQHandler
                0x0000000008000bdc                EXTI9_5_IRQHandler
                0x0000000008000bdc                RTC_WKUP_IRQHandler
                0x0000000008000bdc                SPI2_IRQHandler
                0x0000000008000bdc                DMA1_Stream0_IRQHandler
                0x0000000008000bdc                EXTI4_IRQHandler
                0x0000000008000bdc                WWDG_IRQHandler
                0x0000000008000bdc                TIM2_IRQHandler
                0x0000000008000bdc                OTG_FS_WKUP_IRQHandler
                0x0000000008000bdc                TIM1_TRG_COM_TIM11_IRQHandler
                0x0000000008000bdc                EXTI1_IRQHandler
                0x0000000008000bdc                USART2_IRQHandler
                0x0000000008000bdc                I2C2_ER_IRQHandler
                0x0000000008000bdc                DMA2_Stream1_IRQHandler
                0x0000000008000bdc                FLASH_IRQHandler
                0x0000000008000bdc                DMA2_Stream4_IRQHandler
                0x0000000008000bdc                USART1_IRQHandler
                0x0000000008000bdc                SPI3_IRQHandler
                0x0000000008000bdc                DMA1_Stream4_IRQHandler
                0x0000000008000bdc                I2C1_ER_IRQHandler
                0x0000000008000bdc                DMA2_Stream6_IRQHandler
                0x0000000008000bdc                DMA1_Stream3_IRQHandler
 *fill*         0x0000000008000bde        0x2 
 .text.HAL_Init
                0x0000000008000be0       0x44 ./Drivers/STM32F4xx_HAL_Driver/Src/stm32f4xx_hal.o
                0x0000000008000be0                HAL_Init
 .text.HAL_InitTick
                0x0000000008000c24       0x60 ./Drivers/STM32F4xx_HAL_Driver/Src/stm32f4xx_hal.o
                0x0000000008000c24                HAL_InitTick
 .text.HAL_IncTick
                0x0000000008000c84       0x28 ./Drivers/STM32F4xx_HAL_Driver/Src/stm32f4xx_hal.o
                0x0000000008000c84                HAL_IncTick
 .text.HAL_GetTick
                0x0000000008000cac       0x18 ./Drivers/STM32F4xx_HAL_Driver/Src/stm32f4xx_hal.o
                0x0000000008000cac                HAL_GetTick
 .text.HAL_Delay
                0x0000000008000cc4       0x48 ./Drivers/STM32F4xx_HAL_Driver/Src/stm32f4xx_hal.o
                0x0000000008000cc4                HAL_Delay
 .text.__NVIC_SetPriorityGrouping
                0x0000000008000d0c       0x48 ./Drivers/STM32F4xx_HAL_Driver/Src/stm32f4xx_hal_cortex.o
 .text.__NVIC_GetPriorityGrouping
                0x0000000008000d54       0x1c ./Drivers/STM32F4xx_HAL_Driver/Src/stm32f4xx_hal_cortex.o
 .text.__NVIC_EnableIRQ
                0x0000000008000d70       0x3c ./Drivers/STM32F4xx_HAL_Driver/Src/stm32f4xx_hal_cortex.o
 .text.__NVIC_SetPriority
                0x0000000008000dac       0x54 ./Drivers/STM32F4xx_HAL_Driver/Src/stm32f4xx_hal_cortex.o
 .text.NVIC_EncodePriority
                0x0000000008000e00       0x66 ./Drivers/STM32F4xx_HAL_Driver/Src/stm32f4xx_hal_cortex.o
 *fill*         0x0000000008000e66        0x2 
 .text.SysTick_Config
                0x0000000008000e68       0x44 ./Drivers/STM32F4xx_HAL_Driver/Src/stm32f4xx_hal_cortex.o
 .text.HAL_NVIC_SetPriorityGrouping
                0x0000000008000eac       0x16 ./Drivers/STM32F4xx_HAL_Driver/Src/stm32f4xx_hal_cortex.o
                0x0000000008000eac                HAL_NVIC_SetPriorityGrouping
 .text.HAL_NVIC_SetPriority
                0x0000000008000ec2       0x38 ./Drivers/STM32F4xx_HAL_Driver/Src/stm32f4xx_hal_cortex.o
                0x0000000008000ec2                HAL_NVIC_SetPriority
 .text.HAL_NVIC_EnableIRQ
                0x0000000008000efa       0x1c ./Drivers/STM32F4xx_HAL_Driver/Src/stm32f4xx_hal_cortex.o
                0x0000000008000efa                HAL_NVIC_EnableIRQ
 .text.HAL_SYSTICK_Config
                0x0000000008000f16       0x18 ./Drivers/STM32F4xx_HAL_Driver/Src/stm32f4xx_hal_cortex.o
                0x0000000008000f16                HAL_SYSTICK_Config
 *fill*         0x0000000008000f2e        0x2 
 .text.HAL_DMA_Init
                0x0000000008000f30      0x15c ./Drivers/STM32F4xx_HAL_Driver/Src/stm32f4xx_hal_dma.o
                0x0000000008000f30                HAL_DMA_Init
 .text.HAL_DMA_Abort_IT
                0x000000000800108c       0x44 ./Drivers/STM32F4xx_HAL_Driver/Src/stm32f4xx_hal_dma.o
                0x000000000800108c                HAL_DMA_Abort_IT
 .text.HAL_DMA_IRQHandler
                0x00000000080010d0      0x314 ./Drivers/STM32F4xx_HAL_Driver/Src/stm32f4xx_hal_dma.o
                0x00000000080010d0                HAL_DMA_IRQHandler
 .text.DMA_CalcBaseAndBitshift
                0x00000000080013e4       0x6c ./Drivers/STM32F4xx_HAL_Driver/Src/stm32f4xx_hal_dma.o
 .text.DMA_CheckFifoParam
                0x0000000008001450       0xf8 ./Drivers/STM32F4xx_HAL_Driver/Src/stm32f4xx_hal_dma.o
 .text.HAL_GPIO_Init
                0x0000000008001548      0x308 ./Drivers/STM32F4xx_HAL_Driver/Src/stm32f4xx_hal_gpio.o
                0x0000000008001548                HAL_GPIO_Init
 .text.HAL_PCD_Init
                0x0000000008001850      0x21e ./Drivers/STM32F4xx_HAL_Driver/Src/stm32f4xx_hal_pcd.o
                0x0000000008001850                HAL_PCD_Init
 .text.HAL_PCD_Start
                0x0000000008001a6e       0x6a ./Drivers/STM32F4xx_HAL_Driver/Src/stm32f4xx_hal_pcd.o
                0x0000000008001a6e                HAL_PCD_Start
 .text.HAL_PCD_IRQHandler
                0x0000000008001ad8      0x942 ./Drivers/STM32F4xx_HAL_Driver/Src/stm32f4xx_hal_pcd.o
                0x0000000008001ad8                HAL_PCD_IRQHandler
 .text.HAL_PCD_SetAddress
                0x000000000800241a       0x48 ./Drivers/STM32F4xx_HAL_Driver/Src/stm32f4xx_hal_pcd.o
                0x000000000800241a                HAL_PCD_SetAddress
 .text.HAL_PCD_EP_Open
                0x0000000008002462       0xd0 ./Drivers/STM32F4xx_HAL_Driver/Src/stm32f4xx_hal_pcd.o
                0x0000000008002462                HAL_PCD_EP_Open
 .text.HAL_PCD_EP_Close
                0x0000000008002532       0x94 ./Drivers/STM32F4xx_HAL_Driver/Src/stm32f4xx_hal_pcd.o
                0x0000000008002532                HAL_PCD_EP_Close
 .text.HAL_PCD_EP_Receive
                0x00000000080025c6       0x76 ./Drivers/STM32F4xx_HAL_Driver/Src/stm32f4xx_hal_pcd.o
                0x00000000080025c6                HAL_PCD_EP_Receive
 .text.HAL_PCD_EP_GetRxCount
                0x000000000800263c       0x30 ./Drivers/STM32F4xx_HAL_Driver/Src/stm32f4xx_hal_pcd.o
                0x000000000800263c                HAL_PCD_EP_GetRxCount
 .text.HAL_PCD_EP_Transmit
                0x000000000800266c       0x74 ./Drivers/STM32F4xx_HAL_Driver/Src/stm32f4xx_hal_pcd.o
                0x000000000800266c                HAL_PCD_EP_Transmit
 .text.HAL_PCD_EP_SetStall
                0x00000000080026e0       0xc6 ./Drivers/STM32F4xx_HAL_Driver/Src/stm32f4xx_hal_pcd.o
                0x00000000080026e0                HAL_PCD_EP_SetStall
 .text.HAL_PCD_EP_ClrStall
                0x00000000080027a6       0xac ./Drivers/STM32F4xx_HAL_Driver/Src/stm32f4xx_hal_pcd.o
                0x00000000080027a6                HAL_PCD_EP_ClrStall
 .text.HAL_PCD_EP_Abort
                0x0000000008002852       0x62 ./Drivers/STM32F4xx_HAL_Driver/Src/stm32f4xx_hal_pcd.o
                0x0000000008002852                HAL_PCD_EP_Abort
 .text.PCD_WriteEmptyTxFifo
                0x00000000080028b4      0x118 ./Drivers/STM32F4xx_HAL_Driver/Src/stm32f4xx_hal_pcd.o
 .text.PCD_EP_OutXfrComplete_int
                0x00000000080029cc      0x1d0 ./Drivers/STM32F4xx_HAL_Driver/Src/stm32f4xx_hal_pcd.o
 .text.PCD_EP_OutSetupPacket_int
                0x0000000008002b9c       0x8c ./Drivers/STM32F4xx_HAL_Driver/Src/stm32f4xx_hal_pcd.o
 .text.HAL_PCDEx_SetTxFiFo
                0x0000000008002c28       0x8e ./Drivers/STM32F4xx_HAL_Driver/Src/stm32f4xx_hal_pcd_ex.o
                0x0000000008002c28                HAL_PCDEx_SetTxFiFo
 .text.HAL_PCDEx_SetRxFiFo
                0x0000000008002cb6       0x22 ./Drivers/STM32F4xx_HAL_Driver/Src/stm32f4xx_hal_pcd_ex.o
                0x0000000008002cb6                HAL_PCDEx_SetRxFiFo
 .text.HAL_PCDEx_LPM_Callback
                0x0000000008002cd8       0x18 ./Drivers/STM32F4xx_HAL_Driver/Src/stm32f4xx_hal_pcd_ex.o
                0x0000000008002cd8                HAL_PCDEx_LPM_Callback
 .text.HAL_RCC_OscConfig
                0x0000000008002cf0      0x4f0 ./Drivers/STM32F4xx_HAL_Driver/Src/stm32f4xx_hal_rcc.o
                0x0000000008002cf0                HAL_RCC_OscConfig
 .text.HAL_RCC_ClockConfig
                0x00000000080031e0      0x1cc ./Drivers/STM32F4xx_HAL_Driver/Src/stm32f4xx_hal_rcc.o
                0x00000000080031e0                HAL_RCC_ClockConfig
 .text.HAL_RCC_GetSysClockFreq
                0x00000000080033ac      0x18c ./Drivers/STM32F4xx_HAL_Driver/Src/stm32f4xx_hal_rcc.o
                0x00000000080033ac                HAL_RCC_GetSysClockFreq
 .text.HAL_RCC_GetHCLKFreq
                0x0000000008003538       0x18 ./Drivers/STM32F4xx_HAL_Driver/Src/stm32f4xx_hal_rcc.o
                0x0000000008003538                HAL_RCC_GetHCLKFreq
 .text.HAL_SPI_Init
                0x0000000008003550      0x112 ./Drivers/STM32F4xx_HAL_Driver/Src/stm32f4xx_hal_spi.o
                0x0000000008003550                HAL_SPI_Init
 .text.HAL_SPI_Transmit
                0x0000000008003662      0x286 ./Drivers/STM32F4xx_HAL_Driver/Src/stm32f4xx_hal_spi.o
                0x0000000008003662                HAL_SPI_Transmit
 .text.HAL_SPI_IRQHandler
                0x00000000080038e8      0x1e8 ./Drivers/STM32F4xx_HAL_Driver/Src/stm32f4xx_hal_spi.o
                0x00000000080038e8                HAL_SPI_IRQHandler
 .text.HAL_SPI_ErrorCallback
                0x0000000008003ad0       0x14 ./Drivers/STM32F4xx_HAL_Driver/Src/stm32f4xx_hal_spi.o
                0x0000000008003ad0                HAL_SPI_ErrorCallback
 .text.SPI_DMAAbortOnError
                0x0000000008003ae4       0x28 ./Drivers/STM32F4xx_HAL_Driver/Src/stm32f4xx_hal_spi.o
 .text.SPI_WaitFlagStateUntilTimeout
                0x0000000008003b0c      0x110 ./Drivers/STM32F4xx_HAL_Driver/Src/stm32f4xx_hal_spi.o
 .text.SPI_EndRxTxTransaction
                0x0000000008003c1c       0xa8 ./Drivers/STM32F4xx_HAL_Driver/Src/stm32f4xx_hal_spi.o
 .text.HAL_TIM_Encoder_Init
                0x0000000008003cc4      0x14c ./Drivers/STM32F4xx_HAL_Driver/Src/stm32f4xx_hal_tim.o
                0x0000000008003cc4                HAL_TIM_Encoder_Init
 .text.TIM_Base_SetConfig
                0x0000000008003e10      0x118 ./Drivers/STM32F4xx_HAL_Driver/Src/stm32f4xx_hal_tim.o
                0x0000000008003e10                TIM_Base_SetConfig
 .text.HAL_TIMEx_MasterConfigSynchronization
                0x0000000008003f28       0xdc ./Drivers/STM32F4xx_HAL_Driver/Src/stm32f4xx_hal_tim_ex.o
                0x0000000008003f28                HAL_TIMEx_MasterConfigSynchronization
 .text.USB_CoreInit
                0x0000000008004004       0xc8 ./Drivers/STM32F4xx_HAL_Driver/Src/stm32f4xx_ll_usb.o
                0x0000000008004004                USB_CoreInit
 .text.USB_SetTurnaroundTime
                0x00000000080040cc      0x144 ./Drivers/STM32F4xx_HAL_Driver/Src/stm32f4xx_ll_usb.o
                0x00000000080040cc                USB_SetTurnaroundTime
 .text.USB_EnableGlobalInt
                0x0000000008004210       0x22 ./Drivers/STM32F4xx_HAL_Driver/Src/stm32f4xx_ll_usb.o
                0x0000000008004210                USB_EnableGlobalInt
 .text.USB_DisableGlobalInt
                0x0000000008004232       0x22 ./Drivers/STM32F4xx_HAL_Driver/Src/stm32f4xx_ll_usb.o
                0x0000000008004232                USB_DisableGlobalInt
 .text.USB_SetCurrentMode
                0x0000000008004254       0x98 ./Drivers/STM32F4xx_HAL_Driver/Src/stm32f4xx_ll_usb.o
                0x0000000008004254                USB_SetCurrentMode
 .text.USB_DevInit
                0x00000000080042ec      0x2c8 ./Drivers/STM32F4xx_HAL_Driver/Src/stm32f4xx_ll_usb.o
                0x00000000080042ec                USB_DevInit
 .text.USB_FlushTxFifo
                0x00000000080045b4       0x64 ./Drivers/STM32F4xx_HAL_Driver/Src/stm32f4xx_ll_usb.o
                0x00000000080045b4                USB_FlushTxFifo
 .text.USB_FlushRxFifo
                0x0000000008004618       0x5c ./Drivers/STM32F4xx_HAL_Driver/Src/stm32f4xx_ll_usb.o
                0x0000000008004618                USB_FlushRxFifo
 .text.USB_SetDevSpeed
                0x0000000008004674       0x32 ./Drivers/STM32F4xx_HAL_Driver/Src/stm32f4xx_ll_usb.o
                0x0000000008004674                USB_SetDevSpeed
 .text.USB_GetDevSpeed
                0x00000000080046a6       0x4a ./Drivers/STM32F4xx_HAL_Driver/Src/stm32f4xx_ll_usb.o
                0x00000000080046a6                USB_GetDevSpeed
 .text.USB_ActivateEndpoint
                0x00000000080046f0      0x10e ./Drivers/STM32F4xx_HAL_Driver/Src/stm32f4xx_ll_usb.o
                0x00000000080046f0                USB_ActivateEndpoint
 *fill*         0x00000000080047fe        0x2 
 .text.USB_DeactivateEndpoint
                0x0000000008004800      0x1b8 ./Drivers/STM32F4xx_HAL_Driver/Src/stm32f4xx_ll_usb.o
                0x0000000008004800                USB_DeactivateEndpoint
 .text.USB_EPStartXfer
                0x00000000080049b8      0x530 ./Drivers/STM32F4xx_HAL_Driver/Src/stm32f4xx_ll_usb.o
                0x00000000080049b8                USB_EPStartXfer
 .text.USB_EPStopXfer
                0x0000000008004ee8      0x154 ./Drivers/STM32F4xx_HAL_Driver/Src/stm32f4xx_ll_usb.o
                0x0000000008004ee8                USB_EPStopXfer
 .text.USB_WritePacket
                0x000000000800503c       0x7c ./Drivers/STM32F4xx_HAL_Driver/Src/stm32f4xx_ll_usb.o
                0x000000000800503c                USB_WritePacket
 .text.USB_ReadPacket
                0x00000000080050b8       0xb0 ./Drivers/STM32F4xx_HAL_Driver/Src/stm32f4xx_ll_usb.o
                0x00000000080050b8                USB_ReadPacket
 .text.USB_EPSetStall
                0x0000000008005168       0xdc ./Drivers/STM32F4xx_HAL_Driver/Src/stm32f4xx_ll_usb.o
                0x0000000008005168                USB_EPSetStall
 .text.USB_EPClearStall
                0x0000000008005244       0xcc ./Drivers/STM32F4xx_HAL_Driver/Src/stm32f4xx_ll_usb.o
                0x0000000008005244                USB_EPClearStall
 .text.USB_SetDevAddress
                0x0000000008005310       0x4c ./Drivers/STM32F4xx_HAL_Driver/Src/stm32f4xx_ll_usb.o
                0x0000000008005310                USB_SetDevAddress
 .text.USB_DevConnect
                0x000000000800535c       0x42 ./Drivers/STM32F4xx_HAL_Driver/Src/stm32f4xx_ll_usb.o
                0x000000000800535c                USB_DevConnect
 .text.USB_DevDisconnect
                0x000000000800539e       0x42 ./Drivers/STM32F4xx_HAL_Driver/Src/stm32f4xx_ll_usb.o
                0x000000000800539e                USB_DevDisconnect
 .text.USB_ReadInterrupts
                0x00000000080053e0       0x26 ./Drivers/STM32F4xx_HAL_Driver/Src/stm32f4xx_ll_usb.o
                0x00000000080053e0                USB_ReadInterrupts
 .text.USB_ReadDevAllOutEpInterrupt
                0x0000000008005406       0x34 ./Drivers/STM32F4xx_HAL_Driver/Src/stm32f4xx_ll_usb.o
                0x0000000008005406                USB_ReadDevAllOutEpInterrupt
 .text.USB_ReadDevAllInEpInterrupt
                0x000000000800543a       0x34 ./Drivers/STM32F4xx_HAL_Driver/Src/stm32f4xx_ll_usb.o
                0x000000000800543a                USB_ReadDevAllInEpInterrupt
 .text.USB_ReadDevOutEPInterrupt
                0x000000000800546e       0x3c ./Drivers/STM32F4xx_HAL_Driver/Src/stm32f4xx_ll_usb.o
                0x000000000800546e                USB_ReadDevOutEPInterrupt
 .text.USB_ReadDevInEPInterrupt
                0x00000000080054aa       0x5c ./Drivers/STM32F4xx_HAL_Driver/Src/stm32f4xx_ll_usb.o
                0x00000000080054aa                USB_ReadDevInEPInterrupt
 .text.USB_GetMode
                0x0000000008005506       0x1c ./Drivers/STM32F4xx_HAL_Driver/Src/stm32f4xx_ll_usb.o
                0x0000000008005506                USB_GetMode
 .text.USB_ActivateSetup
                0x0000000008005522       0x46 ./Drivers/STM32F4xx_HAL_Driver/Src/stm32f4xx_ll_usb.o
                0x0000000008005522                USB_ActivateSetup
 .text.USB_EP0_OutStart
                0x0000000008005568       0xbc ./Drivers/STM32F4xx_HAL_Driver/Src/stm32f4xx_ll_usb.o
                0x0000000008005568                USB_EP0_OutStart
 .text.USB_CoreReset
                0x0000000008005624       0x62 ./Drivers/STM32F4xx_HAL_Driver/Src/stm32f4xx_ll_usb.o
 *fill*         0x0000000008005686        0x2 
 .text.USBD_CDC_Init
                0x0000000008005688      0x1f0 ./Middlewares/ST/STM32_USB_Device_Library/Class/CDC/Src/usbd_cdc.o
 .text.USBD_CDC_DeInit
                0x0000000008005878      0x104 ./Middlewares/ST/STM32_USB_Device_Library/Class/CDC/Src/usbd_cdc.o
 .text.USBD_CDC_Setup
                0x000000000800597c      0x1b8 ./Middlewares/ST/STM32_USB_Device_Library/Class/CDC/Src/usbd_cdc.o
 .text.USBD_CDC_DataIn
                0x0000000008005b34       0xfe ./Middlewares/ST/STM32_USB_Device_Library/Class/CDC/Src/usbd_cdc.o
 .text.USBD_CDC_DataOut
                0x0000000008005c32       0x70 ./Middlewares/ST/STM32_USB_Device_Library/Class/CDC/Src/usbd_cdc.o
 .text.USBD_CDC_EP0_RxReady
                0x0000000008005ca2       0x76 ./Middlewares/ST/STM32_USB_Device_Library/Class/CDC/Src/usbd_cdc.o
 .text.USBD_CDC_GetFSCfgDesc
                0x0000000008005d18       0x70 ./Middlewares/ST/STM32_USB_Device_Library/Class/CDC/Src/usbd_cdc.o
 .text.USBD_CDC_GetHSCfgDesc
                0x0000000008005d88       0x70 ./Middlewares/ST/STM32_USB_Device_Library/Class/CDC/Src/usbd_cdc.o
 .text.USBD_CDC_GetOtherSpeedCfgDesc
                0x0000000008005df8       0x70 ./Middlewares/ST/STM32_USB_Device_Library/Class/CDC/Src/usbd_cdc.o
 .text.USBD_CDC_GetDeviceQualifierDescriptor
                0x0000000008005e68       0x20 ./Middlewares/ST/STM32_USB_Device_Library/Class/CDC/Src/usbd_cdc.o
                0x0000000008005e68                USBD_CDC_GetDeviceQualifierDescriptor
 .text.USBD_CDC_RegisterInterface
                0x0000000008005e88       0x34 ./Middlewares/ST/STM32_USB_Device_Library/Class/CDC/Src/usbd_cdc.o
                0x0000000008005e88                USBD_CDC_RegisterInterface
 .text.USBD_CDC_SetTxBuffer
                0x0000000008005ebc       0x44 ./Middlewares/ST/STM32_USB_Device_Library/Class/CDC/Src/usbd_cdc.o
                0x0000000008005ebc                USBD_CDC_SetTxBuffer
 .text.USBD_CDC_SetRxBuffer
                0x0000000008005f00       0x3a ./Middlewares/ST/STM32_USB_Device_Library/Class/CDC/Src/usbd_cdc.o
                0x0000000008005f00                USBD_CDC_SetRxBuffer
 *fill*         0x0000000008005f3a        0x2 
 .text.USBD_CDC_ReceivePacket
                0x0000000008005f3c       0x6c ./Middlewares/ST/STM32_USB_Device_Library/Class/CDC/Src/usbd_cdc.o
                0x0000000008005f3c                USBD_CDC_ReceivePacket
 .text.USBD_Init
                0x0000000008005fa8       0x60 ./Middlewares/ST/STM32_USB_Device_Library/Core/Src/usbd_core.o
                0x0000000008005fa8                USBD_Init
 .text.USBD_RegisterClass
                0x0000000008006008       0x6c ./Middlewares/ST/STM32_USB_Device_Library/Core/Src/usbd_core.o
                0x0000000008006008                USBD_RegisterClass
 .text.USBD_Start
                0x0000000008006074       0x18 ./Middlewares/ST/STM32_USB_Device_Library/Core/Src/usbd_core.o
                0x0000000008006074                USBD_Start
 .text.USBD_RunTestMode
                0x000000000800608c       0x16 ./Middlewares/ST/STM32_USB_Device_Library/Core/Src/usbd_core.o
                0x000000000800608c                USBD_RunTestMode
 .text.USBD_SetClassConfig
                0x00000000080060a2       0x38 ./Middlewares/ST/STM32_USB_Device_Library/Core/Src/usbd_core.o
                0x00000000080060a2                USBD_SetClassConfig
 .text.USBD_ClrClassConfig
                0x00000000080060da       0x34 ./Middlewares/ST/STM32_USB_Device_Library/Core/Src/usbd_core.o
                0x00000000080060da                USBD_ClrClassConfig
 .text.USBD_LL_SetupStage
                0x000000000800610e       0xaa ./Middlewares/ST/STM32_USB_Device_Library/Core/Src/usbd_core.o
                0x000000000800610e                USBD_LL_SetupStage
 .text.USBD_LL_DataOutStage
                0x00000000080061b8      0x166 ./Middlewares/ST/STM32_USB_Device_Library/Core/Src/usbd_core.o
                0x00000000080061b8                USBD_LL_DataOutStage
 .text.USBD_LL_DataInStage
                0x000000000800631e      0x164 ./Middlewares/ST/STM32_USB_Device_Library/Core/Src/usbd_core.o
                0x000000000800631e                USBD_LL_DataInStage
 .text.USBD_LL_Reset
                0x0000000008006482       0xa4 ./Middlewares/ST/STM32_USB_Device_Library/Core/Src/usbd_core.o
                0x0000000008006482                USBD_LL_Reset
 .text.USBD_LL_SetSpeed
                0x0000000008006526       0x20 ./Middlewares/ST/STM32_USB_Device_Library/Core/Src/usbd_core.o
                0x0000000008006526                USBD_LL_SetSpeed
 .text.USBD_LL_Suspend
                0x0000000008006546       0x38 ./Middlewares/ST/STM32_USB_Device_Library/Core/Src/usbd_core.o
                0x0000000008006546                USBD_LL_Suspend
 .text.USBD_LL_Resume
                0x000000000800657e       0x30 ./Middlewares/ST/STM32_USB_Device_Library/Core/Src/usbd_core.o
                0x000000000800657e                USBD_LL_Resume
 .text.USBD_LL_SOF
                0x00000000080065ae       0x40 ./Middlewares/ST/STM32_USB_Device_Library/Core/Src/usbd_core.o
                0x00000000080065ae                USBD_LL_SOF
 .text.USBD_LL_IsoINIncomplete
                0x00000000080065ee       0x64 ./Middlewares/ST/STM32_USB_Device_Library/Core/Src/usbd_core.o
                0x00000000080065ee                USBD_LL_IsoINIncomplete
 .text.USBD_LL_IsoOUTIncomplete
                0x0000000008006652       0x64 ./Middlewares/ST/STM32_USB_Device_Library/Core/Src/usbd_core.o
                0x0000000008006652                USBD_LL_IsoOUTIncomplete
 .text.USBD_LL_DevConnected
                0x00000000080066b6       0x16 ./Middlewares/ST/STM32_USB_Device_Library/Core/Src/usbd_core.o
                0x00000000080066b6                USBD_LL_DevConnected
 .text.USBD_LL_DevDisconnected
                0x00000000080066cc       0x46 ./Middlewares/ST/STM32_USB_Device_Library/Core/Src/usbd_core.o
                0x00000000080066cc                USBD_LL_DevDisconnected
 .text.USBD_CoreFindIF
                0x0000000008006712       0x1a ./Middlewares/ST/STM32_USB_Device_Library/Core/Src/usbd_core.o
                0x0000000008006712                USBD_CoreFindIF
 .text.USBD_CoreFindEP
                0x000000000800672c       0x1a ./Middlewares/ST/STM32_USB_Device_Library/Core/Src/usbd_core.o
                0x000000000800672c                USBD_CoreFindEP
 .text.USBD_GetEpDesc
                0x0000000008006746       0x74 ./Middlewares/ST/STM32_USB_Device_Library/Core/Src/usbd_core.o
                0x0000000008006746                USBD_GetEpDesc
 .text.USBD_GetNextDesc
                0x00000000080067ba       0x3a ./Middlewares/ST/STM32_USB_Device_Library/Core/Src/usbd_core.o
                0x00000000080067ba                USBD_GetNextDesc
 .text.SWAPBYTE
                0x00000000080067f4       0x3c ./Middlewares/ST/STM32_USB_Device_Library/Core/Src/usbd_ctlreq.o
 .text.USBD_StdDevReq
                0x0000000008006830       0xe4 ./Middlewares/ST/STM32_USB_Device_Library/Core/Src/usbd_ctlreq.o
                0x0000000008006830                USBD_StdDevReq
 .text.USBD_StdItfReq
                0x0000000008006914       0xd8 ./Middlewares/ST/STM32_USB_Device_Library/Core/Src/usbd_ctlreq.o
                0x0000000008006914                USBD_StdItfReq
 .text.USBD_StdEPReq
                0x00000000080069ec      0x33a ./Middlewares/ST/STM32_USB_Device_Library/Core/Src/usbd_ctlreq.o
                0x00000000080069ec                USBD_StdEPReq
 *fill*         0x0000000008006d26        0x2 
 .text.USBD_GetDescriptor
                0x0000000008006d28      0x2d4 ./Middlewares/ST/STM32_USB_Device_Library/Core/Src/usbd_ctlreq.o
 .text.USBD_SetAddress
                0x0000000008006ffc       0x88 ./Middlewares/ST/STM32_USB_Device_Library/Core/Src/usbd_ctlreq.o
 .text.USBD_SetConfig
                0x0000000008007084      0x154 ./Middlewares/ST/STM32_USB_Device_Library/Core/Src/usbd_ctlreq.o
 .text.USBD_GetConfig
                0x00000000080071d8       0x6c ./Middlewares/ST/STM32_USB_Device_Library/Core/Src/usbd_ctlreq.o
 .text.USBD_GetStatus
                0x0000000008007244       0x68 ./Middlewares/ST/STM32_USB_Device_Library/Core/Src/usbd_ctlreq.o
 .text.USBD_SetFeature
                0x00000000080072ac       0x52 ./Middlewares/ST/STM32_USB_Device_Library/Core/Src/usbd_ctlreq.o
 .text.USBD_ClrFeature
                0x00000000080072fe       0x44 ./Middlewares/ST/STM32_USB_Device_Library/Core/Src/usbd_ctlreq.o
 .text.USBD_ParseSetupRequest
                0x0000000008007342       0x74 ./Middlewares/ST/STM32_USB_Device_Library/Core/Src/usbd_ctlreq.o
                0x0000000008007342                USBD_ParseSetupRequest
 .text.USBD_CtlError
                0x00000000080073b6       0x22 ./Middlewares/ST/STM32_USB_Device_Library/Core/Src/usbd_ctlreq.o
                0x00000000080073b6                USBD_CtlError
 .text.USBD_GetString
                0x00000000080073d8       0x8c ./Middlewares/ST/STM32_USB_Device_Library/Core/Src/usbd_ctlreq.o
                0x00000000080073d8                USBD_GetString
 .text.USBD_GetLen
                0x0000000008007464       0x34 ./Middlewares/ST/STM32_USB_Device_Library/Core/Src/usbd_ctlreq.o
 .text.USBD_CtlSendData
                0x0000000008007498       0x36 ./Middlewares/ST/STM32_USB_Device_Library/Core/Src/usbd_ioreq.o
                0x0000000008007498                USBD_CtlSendData
 .text.USBD_CtlContinueSendData
                0x00000000080074ce       0x22 ./Middlewares/ST/STM32_USB_Device_Library/Core/Src/usbd_ioreq.o
                0x00000000080074ce                USBD_CtlContinueSendData
 .text.USBD_CtlPrepareRx
                0x00000000080074f0       0x3a ./Middlewares/ST/STM32_USB_Device_Library/Core/Src/usbd_ioreq.o
                0x00000000080074f0                USBD_CtlPrepareRx
 .text.USBD_CtlContinueRx
                0x000000000800752a       0x22 ./Middlewares/ST/STM32_USB_Device_Library/Core/Src/usbd_ioreq.o
                0x000000000800752a                USBD_CtlContinueRx
 .text.USBD_CtlSendStatus
                0x000000000800754c       0x26 ./Middlewares/ST/STM32_USB_Device_Library/Core/Src/usbd_ioreq.o
                0x000000000800754c                USBD_CtlSendStatus
 .text.USBD_CtlReceiveStatus
                0x0000000008007572       0x26 ./Middlewares/ST/STM32_USB_Device_Library/Core/Src/usbd_ioreq.o
                0x0000000008007572                USBD_CtlReceiveStatus
 .text.MX_USB_DEVICE_Init
                0x0000000008007598       0x60 ./USB_DEVICE/App/usb_device.o
                0x0000000008007598                MX_USB_DEVICE_Init
 .text.CDC_Init_FS
                0x00000000080075f8       0x28 ./USB_DEVICE/App/usbd_cdc_if.o
 .text.CDC_DeInit_FS
                0x0000000008007620       0x10 ./USB_DEVICE/App/usbd_cdc_if.o
 .text.CDC_Control_FS
                0x0000000008007630       0xbc ./USB_DEVICE/App/usbd_cdc_if.o
 .text.CDC_Receive_FS
                0x00000000080076ec       0x28 ./USB_DEVICE/App/usbd_cdc_if.o
 .text.CDC_TransmitCplt_FS
                0x0000000008007714       0x22 ./USB_DEVICE/App/usbd_cdc_if.o
 *fill*         0x0000000008007736        0x2 
 .text.USBD_FS_DeviceDescriptor
                0x0000000008007738       0x24 ./USB_DEVICE/App/usbd_desc.o
                0x0000000008007738                USBD_FS_DeviceDescriptor
 .text.USBD_FS_LangIDStrDescriptor
                0x000000000800775c       0x24 ./USB_DEVICE/App/usbd_desc.o
                0x000000000800775c                USBD_FS_LangIDStrDescriptor
 .text.USBD_FS_ProductStrDescriptor
                0x0000000008007780       0x3c ./USB_DEVICE/App/usbd_desc.o
                0x0000000008007780                USBD_FS_ProductStrDescriptor
 .text.USBD_FS_ManufacturerStrDescriptor
                0x00000000080077bc       0x28 ./USB_DEVICE/App/usbd_desc.o
                0x00000000080077bc                USBD_FS_ManufacturerStrDescriptor
 .text.USBD_FS_SerialStrDescriptor
                0x00000000080077e4       0x24 ./USB_DEVICE/App/usbd_desc.o
                0x00000000080077e4                USBD_FS_SerialStrDescriptor
 .text.USBD_FS_ConfigStrDescriptor
                0x0000000008007808       0x3c ./USB_DEVICE/App/usbd_desc.o
                0x0000000008007808                USBD_FS_ConfigStrDescriptor
 .text.USBD_FS_InterfaceStrDescriptor
                0x0000000008007844       0x3c ./USB_DEVICE/App/usbd_desc.o
                0x0000000008007844                USBD_FS_InterfaceStrDescriptor
 .text.Get_SerialNum
                0x0000000008007880       0x58 ./USB_DEVICE/App/usbd_desc.o
 .text.IntToUnicode
                0x00000000080078d8       0x7e ./USB_DEVICE/App/usbd_desc.o
 *fill*         0x0000000008007956        0x2 
 .text.HAL_PCD_MspInit
                0x0000000008007958       0xa8 ./USB_DEVICE/Target/usbd_conf.o
                0x0000000008007958                HAL_PCD_MspInit
 .text.HAL_PCD_SetupStageCallback
                0x0000000008007a00       0x24 ./USB_DEVICE/Target/usbd_conf.o
                0x0000000008007a00                HAL_PCD_SetupStageCallback
 .text.HAL_PCD_DataOutStageCallback
                0x0000000008007a24       0x36 ./USB_DEVICE/Target/usbd_conf.o
                0x0000000008007a24                HAL_PCD_DataOutStageCallback
 .text.HAL_PCD_DataInStageCallback
                0x0000000008007a5a       0x34 ./USB_DEVICE/Target/usbd_conf.o
                0x0000000008007a5a                HAL_PCD_DataInStageCallback
 .text.HAL_PCD_SOFCallback
                0x0000000008007a8e       0x1c ./USB_DEVICE/Target/usbd_conf.o
                0x0000000008007a8e                HAL_PCD_SOFCallback
 .text.HAL_PCD_ResetCallback
                0x0000000008007aaa       0x3c ./USB_DEVICE/Target/usbd_conf.o
                0x0000000008007aaa                HAL_PCD_ResetCallback
 *fill*         0x0000000008007ae6        0x2 
 .text.HAL_PCD_SuspendCallback
                0x0000000008007ae8       0x4c ./USB_DEVICE/Target/usbd_conf.o
                0x0000000008007ae8                HAL_PCD_SuspendCallback
 .text.HAL_PCD_ResumeCallback
                0x0000000008007b34       0x1c ./USB_DEVICE/Target/usbd_conf.o
                0x0000000008007b34                HAL_PCD_ResumeCallback
 .text.HAL_PCD_ISOOUTIncompleteCallback
                0x0000000008007b50       0x24 ./USB_DEVICE/Target/usbd_conf.o
                0x0000000008007b50                HAL_PCD_ISOOUTIncompleteCallback
 .text.HAL_PCD_ISOINIncompleteCallback
                0x0000000008007b74       0x24 ./USB_DEVICE/Target/usbd_conf.o
                0x0000000008007b74                HAL_PCD_ISOINIncompleteCallback
 .text.HAL_PCD_ConnectCallback
                0x0000000008007b98       0x1c ./USB_DEVICE/Target/usbd_conf.o
                0x0000000008007b98                HAL_PCD_ConnectCallback
 .text.HAL_PCD_DisconnectCallback
                0x0000000008007bb4       0x1c ./USB_DEVICE/Target/usbd_conf.o
                0x0000000008007bb4                HAL_PCD_DisconnectCallback
 .text.USBD_LL_Init
                0x0000000008007bd0       0x98 ./USB_DEVICE/Target/usbd_conf.o
                0x0000000008007bd0                USBD_LL_Init
 .text.USBD_LL_Start
                0x0000000008007c68       0x36 ./USB_DEVICE/Target/usbd_conf.o
                0x0000000008007c68                USBD_LL_Start
 .text.USBD_LL_OpenEP
                0x0000000008007c9e       0x4c ./USB_DEVICE/Target/usbd_conf.o
                0x0000000008007c9e                USBD_LL_OpenEP
 .text.USBD_LL_CloseEP
                0x0000000008007cea       0x3e ./USB_DEVICE/Target/usbd_conf.o
                0x0000000008007cea                USBD_LL_CloseEP
 .text.USBD_LL_StallEP
                0x0000000008007d28       0x3e ./USB_DEVICE/Target/usbd_conf.o
                0x0000000008007d28                USBD_LL_StallEP
 .text.USBD_LL_ClearStallEP
                0x0000000008007d66       0x3e ./USB_DEVICE/Target/usbd_conf.o
                0x0000000008007d66                USBD_LL_ClearStallEP
 .text.USBD_LL_IsStallEP
                0x0000000008007da4       0x58 ./USB_DEVICE/Target/usbd_conf.o
                0x0000000008007da4                USBD_LL_IsStallEP
 .text.USBD_LL_SetUSBAddress
                0x0000000008007dfc       0x3e ./USB_DEVICE/Target/usbd_conf.o
                0x0000000008007dfc                USBD_LL_SetUSBAddress
 .text.USBD_LL_Transmit
                0x0000000008007e3a       0x42 ./USB_DEVICE/Target/usbd_conf.o
                0x0000000008007e3a                USBD_LL_Transmit
 .text.USBD_LL_PrepareReceive
                0x0000000008007e7c       0x42 ./USB_DEVICE/Target/usbd_conf.o
                0x0000000008007e7c                USBD_LL_PrepareReceive
 .text.USBD_LL_GetRxDataSize
                0x0000000008007ebe       0x26 ./USB_DEVICE/Target/usbd_conf.o
                0x0000000008007ebe                USBD_LL_GetRxDataSize
 .text.USBD_static_malloc
                0x0000000008007ee4       0x1c ./USB_DEVICE/Target/usbd_conf.o
                0x0000000008007ee4                USBD_static_malloc
 .text.USBD_static_free
                0x0000000008007f00       0x14 ./USB_DEVICE/Target/usbd_conf.o
                0x0000000008007f00                USBD_static_free
 .text.USBD_Get_USB_Status
                0x0000000008007f14       0x58 ./USB_DEVICE/Target/usbd_conf.o
                0x0000000008007f14                USBD_Get_USB_Status
 .text.memset   0x0000000008007f6c       0x10 /opt/st/stm32cubeide_1.14.0/plugins/com.st.stm32cube.ide.mcu.externaltools.gnu-tools-for-stm32.11.3.rel1.linux64_1.1.100.202309141235/tools/bin/../lib/gcc/arm-none-eabi/11.3.1/../../../../arm-none-eabi/lib/thumb/v7e-m+fp/hard/libc_nano.a(libc_a-memset.o)
                0x0000000008007f6c                memset
 .text.__libc_init_array
                0x0000000008007f7c       0x48 /opt/st/stm32cubeide_1.14.0/plugins/com.st.stm32cube.ide.mcu.externaltools.gnu-tools-for-stm32.11.3.rel1.linux64_1.1.100.202309141235/tools/bin/../lib/gcc/arm-none-eabi/11.3.1/../../../../arm-none-eabi/lib/thumb/v7e-m+fp/hard/libc_nano.a(libc_a-init.o)
                0x0000000008007f7c                __libc_init_array
 *(.glue_7)
 .glue_7        0x0000000008007fc4        0x0 linker stubs
 *(.glue_7t)
 .glue_7t       0x0000000008007fc4        0x0 linker stubs
 *(.eh_frame)
 .eh_frame      0x0000000008007fc4        0x0 /opt/st/stm32cubeide_1.14.0/plugins/com.st.stm32cube.ide.mcu.externaltools.gnu-tools-for-stm32.11.3.rel1.linux64_1.1.100.202309141235/tools/bin/../lib/gcc/arm-none-eabi/11.3.1/thumb/v7e-m+fp/hard/crtbegin.o
 *(.init)
 .init          0x0000000008007fc4        0x4 /opt/st/stm32cubeide_1.14.0/plugins/com.st.stm32cube.ide.mcu.externaltools.gnu-tools-for-stm32.11.3.rel1.linux64_1.1.100.202309141235/tools/bin/../lib/gcc/arm-none-eabi/11.3.1/thumb/v7e-m+fp/hard/crti.o
                0x0000000008007fc4                _init
 .init          0x0000000008007fc8        0x8 /opt/st/stm32cubeide_1.14.0/plugins/com.st.stm32cube.ide.mcu.externaltools.gnu-tools-for-stm32.11.3.rel1.linux64_1.1.100.202309141235/tools/bin/../lib/gcc/arm-none-eabi/11.3.1/thumb/v7e-m+fp/hard/crtn.o
 *(.fini)
 .fini          0x0000000008007fd0        0x4 /opt/st/stm32cubeide_1.14.0/plugins/com.st.stm32cube.ide.mcu.externaltools.gnu-tools-for-stm32.11.3.rel1.linux64_1.1.100.202309141235/tools/bin/../lib/gcc/arm-none-eabi/11.3.1/thumb/v7e-m+fp/hard/crti.o
                0x0000000008007fd0                _fini
 .fini          0x0000000008007fd4        0x8 /opt/st/stm32cubeide_1.14.0/plugins/com.st.stm32cube.ide.mcu.externaltools.gnu-tools-for-stm32.11.3.rel1.linux64_1.1.100.202309141235/tools/bin/../lib/gcc/arm-none-eabi/11.3.1/thumb/v7e-m+fp/hard/crtn.o
                0x0000000008007fdc                . = ALIGN (0x4)
                0x0000000008007fdc                _etext = .

.vfp11_veneer   0x0000000008007fdc        0x0
 .vfp11_veneer  0x0000000008007fdc        0x0 linker stubs

.v4_bx          0x0000000008007fdc        0x0
 .v4_bx         0x0000000008007fdc        0x0 linker stubs

.iplt           0x0000000008007fdc        0x0
 .iplt          0x0000000008007fdc        0x0 /opt/st/stm32cubeide_1.14.0/plugins/com.st.stm32cube.ide.mcu.externaltools.gnu-tools-for-stm32.11.3.rel1.linux64_1.1.100.202309141235/tools/bin/../lib/gcc/arm-none-eabi/11.3.1/thumb/v7e-m+fp/hard/crtbegin.o

.rodata         0x0000000008007fdc       0x60
                0x0000000008007fdc                . = ALIGN (0x4)
 *(.rodata)
 .rodata        0x0000000008007fdc       0x46 ./USB_DEVICE/App/usbd_desc.o
 *(.rodata*)
 *fill*         0x0000000008008022        0x2 
 .rodata.AHBPrescTable
                0x0000000008008024       0x10 ./Core/Src/system_stm32f4xx.o
                0x0000000008008024                AHBPrescTable
 .rodata.flagBitshiftOffset.0
                0x0000000008008034        0x8 ./Drivers/STM32F4xx_HAL_Driver/Src/stm32f4xx_hal_dma.o
                0x000000000800803c                . = ALIGN (0x4)

.ARM.extab      0x000000000800803c        0x0
                0x000000000800803c                . = ALIGN (0x4)
 *(.ARM.extab* .gnu.linkonce.armextab.*)
                0x000000000800803c                . = ALIGN (0x4)

.ARM            0x000000000800803c        0x8
                0x000000000800803c                . = ALIGN (0x4)
                0x000000000800803c                __exidx_start = .
 *(.ARM.exidx*)
 .ARM.exidx     0x000000000800803c        0x8 /opt/st/stm32cubeide_1.14.0/plugins/com.st.stm32cube.ide.mcu.externaltools.gnu-tools-for-stm32.11.3.rel1.linux64_1.1.100.202309141235/tools/bin/../lib/gcc/arm-none-eabi/11.3.1/thumb/v7e-m+fp/hard/libgcc.a(_udivmoddi4.o)
                0x0000000008008044                __exidx_end = .
                0x0000000008008044                . = ALIGN (0x4)

.rel.dyn        0x0000000008008044        0x0
 .rel.iplt      0x0000000008008044        0x0 /opt/st/stm32cubeide_1.14.0/plugins/com.st.stm32cube.ide.mcu.externaltools.gnu-tools-for-stm32.11.3.rel1.linux64_1.1.100.202309141235/tools/bin/../lib/gcc/arm-none-eabi/11.3.1/thumb/v7e-m+fp/hard/crtbegin.o

.preinit_array  0x0000000008008044        0x0
                0x0000000008008044                . = ALIGN (0x4)
                0x0000000008008044                PROVIDE (__preinit_array_start = .)
 *(.preinit_array*)
                0x0000000008008044                PROVIDE (__preinit_array_end = .)
                0x0000000008008044                . = ALIGN (0x4)

.init_array     0x0000000008008044        0x4
                0x0000000008008044                . = ALIGN (0x4)
                0x0000000008008044                PROVIDE (__init_array_start = .)
 *(SORT_BY_NAME(.init_array.*))
 *(.init_array*)
 .init_array    0x0000000008008044        0x4 /opt/st/stm32cubeide_1.14.0/plugins/com.st.stm32cube.ide.mcu.externaltools.gnu-tools-for-stm32.11.3.rel1.linux64_1.1.100.202309141235/tools/bin/../lib/gcc/arm-none-eabi/11.3.1/thumb/v7e-m+fp/hard/crtbegin.o
                0x0000000008008048                PROVIDE (__init_array_end = .)
                0x0000000008008048                . = ALIGN (0x4)

.fini_array     0x0000000008008048        0x4
                0x0000000008008048                . = ALIGN (0x4)
                [!provide]                        PROVIDE (__fini_array_start = .)
 *(SORT_BY_NAME(.fini_array.*))
 *(.fini_array*)
 .fini_array    0x0000000008008048        0x4 /opt/st/stm32cubeide_1.14.0/plugins/com.st.stm32cube.ide.mcu.externaltools.gnu-tools-for-stm32.11.3.rel1.linux64_1.1.100.202309141235/tools/bin/../lib/gcc/arm-none-eabi/11.3.1/thumb/v7e-m+fp/hard/crtbegin.o
                [!provide]                        PROVIDE (__fini_array_end = .)
                0x000000000800804c                . = ALIGN (0x4)
                0x000000000800804c                _sidata = LOADADDR (.data)

.data           0x0000000020000000       0xfc load address 0x000000000800804c
                0x0000000020000000                . = ALIGN (0x4)
                0x0000000020000000                _sdata = .
 *(.data)
 *(.data*)
 .data.SystemCoreClock
                0x0000000020000000        0x4 ./Core/Src/system_stm32f4xx.o
                0x0000000020000000                SystemCoreClock
 .data.uwTickPrio
                0x0000000020000004        0x4 ./Drivers/STM32F4xx_HAL_Driver/Src/stm32f4xx_hal.o
                0x0000000020000004                uwTickPrio
 .data.uwTickFreq
                0x0000000020000008        0x1 ./Drivers/STM32F4xx_HAL_Driver/Src/stm32f4xx_hal.o
                0x0000000020000008                uwTickFreq
 *fill*         0x0000000020000009        0x3 
 .data.USBD_CDC_DeviceQualifierDesc
                0x000000002000000c        0xa ./Middlewares/ST/STM32_USB_Device_Library/Class/CDC/Src/usbd_cdc.o
 *fill*         0x0000000020000016        0x2 
 .data.USBD_CDC
                0x0000000020000018       0x38 ./Middlewares/ST/STM32_USB_Device_Library/Class/CDC/Src/usbd_cdc.o
                0x0000000020000018                USBD_CDC
 .data.USBD_CDC_CfgDesc
                0x0000000020000050       0x43 ./Middlewares/ST/STM32_USB_Device_Library/Class/CDC/Src/usbd_cdc.o
 .data.CDCInEpAdd
                0x0000000020000093        0x1 ./Middlewares/ST/STM32_USB_Device_Library/Class/CDC/Src/usbd_cdc.o
 .data.CDCOutEpAdd
                0x0000000020000094        0x1 ./Middlewares/ST/STM32_USB_Device_Library/Class/CDC/Src/usbd_cdc.o
 .data.CDCCmdEpAdd
                0x0000000020000095        0x1 ./Middlewares/ST/STM32_USB_Device_Library/Class/CDC/Src/usbd_cdc.o
 *fill*         0x0000000020000096        0x2 
 .data.USBD_Interface_fops_FS
                0x0000000020000098       0x14 ./USB_DEVICE/App/usbd_cdc_if.o
                0x0000000020000098                USBD_Interface_fops_FS
 .data.FS_Desc  0x00000000200000ac       0x1c ./USB_DEVICE/App/usbd_desc.o
                0x00000000200000ac                FS_Desc
 .data.USBD_FS_DeviceDesc
                0x00000000200000c8       0x12 ./USB_DEVICE/App/usbd_desc.o
                0x00000000200000c8                USBD_FS_DeviceDesc
 *fill*         0x00000000200000da        0x2 
 .data.USBD_LangIDDesc
                0x00000000200000dc        0x4 ./USB_DEVICE/App/usbd_desc.o
                0x00000000200000dc                USBD_LangIDDesc
 .data.USBD_StringSerial
                0x00000000200000e0       0x1a ./USB_DEVICE/App/usbd_desc.o
                0x00000000200000e0                USBD_StringSerial
 *(.RamFunc)
 *(.RamFunc*)
                0x00000000200000fc                . = ALIGN (0x4)
 *fill*         0x00000000200000fa        0x2 
                0x00000000200000fc                _edata = .

.igot.plt       0x00000000200000fc        0x0 load address 0x0000000008008148
 .igot.plt      0x00000000200000fc        0x0 /opt/st/stm32cubeide_1.14.0/plugins/com.st.stm32cube.ide.mcu.externaltools.gnu-tools-for-stm32.11.3.rel1.linux64_1.1.100.202309141235/tools/bin/../lib/gcc/arm-none-eabi/11.3.1/thumb/v7e-m+fp/hard/crtbegin.o
                0x00000000200000fc                . = ALIGN (0x4)

.bss            0x00000000200000fc     0x1d64 load address 0x0000000008008148
                0x00000000200000fc                _sbss = .
                0x00000000200000fc                __bss_start__ = _sbss
 *(.bss)
 .bss           0x00000000200000fc       0x1c /opt/st/stm32cubeide_1.14.0/plugins/com.st.stm32cube.ide.mcu.externaltools.gnu-tools-for-stm32.11.3.rel1.linux64_1.1.100.202309141235/tools/bin/../lib/gcc/arm-none-eabi/11.3.1/thumb/v7e-m+fp/hard/crtbegin.o
 *(.bss*)
 .bss.hspi1     0x0000000020000118       0x58 ./Core/Src/main.o
                0x0000000020000118                hspi1
 .bss.hdma_spi1_rx
                0x0000000020000170       0x60 ./Core/Src/main.o
                0x0000000020000170                hdma_spi1_rx
 .bss.hdma_spi1_tx
                0x00000000200001d0       0x60 ./Core/Src/main.o
                0x00000000200001d0                hdma_spi1_tx
 .bss.htim2     0x0000000020000230       0x48 ./Core/Src/main.o
                0x0000000020000230                htim2
 .bss.uwTick    0x0000000020000278        0x4 ./Drivers/STM32F4xx_HAL_Driver/Src/stm32f4xx_hal.o
                0x0000000020000278                uwTick
 .bss.cfgidx.0  0x000000002000027c        0x1 ./Middlewares/ST/STM32_USB_Device_Library/Core/Src/usbd_ctlreq.o
 *fill*         0x000000002000027d        0x3 
 .bss.hUsbDeviceFS
                0x0000000020000280      0x2dc ./USB_DEVICE/App/usb_device.o
                0x0000000020000280                hUsbDeviceFS
 .bss.UserRxBufferFS
                0x000000002000055c      0x800 ./USB_DEVICE/App/usbd_cdc_if.o
                0x000000002000055c                UserRxBufferFS
 .bss.UserTxBufferFS
                0x0000000020000d5c      0x800 ./USB_DEVICE/App/usbd_cdc_if.o
                0x0000000020000d5c                UserTxBufferFS
 .bss.USBD_StrDesc
                0x000000002000155c      0x200 ./USB_DEVICE/App/usbd_desc.o
                0x000000002000155c                USBD_StrDesc
 .bss.hpcd_USB_OTG_FS
                0x000000002000175c      0x4e4 ./USB_DEVICE/Target/usbd_conf.o
                0x000000002000175c                hpcd_USB_OTG_FS
 .bss.mem.0     0x0000000020001c40      0x220 ./USB_DEVICE/Target/usbd_conf.o
 *(COMMON)
                0x0000000020001e60                . = ALIGN (0x4)
                0x0000000020001e60                _ebss = .
                0x0000000020001e60                __bss_end__ = _ebss

._user_heap_stack
                0x0000000020001e60      0x600 load address 0x0000000008008148
                0x0000000020001e60                . = ALIGN (0x8)
                [!provide]                        PROVIDE (end = .)
                0x0000000020001e60                PROVIDE (_end = .)
                0x0000000020002060                . = (. + _Min_Heap_Size)
 *fill*         0x0000000020001e60      0x200 
                0x0000000020002460                . = (. + _Min_Stack_Size)
 *fill*         0x0000000020002060      0x400 
                0x0000000020002460                . = ALIGN (0x8)

/DISCARD/
 libc.a(*)
 libm.a(*)
 libgcc.a(*)

.ARM.attributes
                0x0000000000000000       0x30
 *(.ARM.attributes)
 .ARM.attributes
                0x0000000000000000       0x1e /opt/st/stm32cubeide_1.14.0/plugins/com.st.stm32cube.ide.mcu.externaltools.gnu-tools-for-stm32.11.3.rel1.linux64_1.1.100.202309141235/tools/bin/../lib/gcc/arm-none-eabi/11.3.1/thumb/v7e-m+fp/hard/crti.o
 .ARM.attributes
                0x000000000000001e       0x34 /opt/st/stm32cubeide_1.14.0/plugins/com.st.stm32cube.ide.mcu.externaltools.gnu-tools-for-stm32.11.3.rel1.linux64_1.1.100.202309141235/tools/bin/../lib/gcc/arm-none-eabi/11.3.1/thumb/v7e-m+fp/hard/crtbegin.o
 .ARM.attributes
                0x0000000000000052       0x34 ./Core/Src/main.o
 .ARM.attributes
                0x0000000000000086       0x34 ./Core/Src/stm32f4xx_hal_msp.o
 .ARM.attributes
                0x00000000000000ba       0x34 ./Core/Src/stm32f4xx_it.o
 .ARM.attributes
                0x00000000000000ee       0x34 ./Core/Src/system_stm32f4xx.o
 .ARM.attributes
                0x0000000000000122       0x21 ./Core/Startup/startup_stm32f411ceux.o
 .ARM.attributes
                0x0000000000000143       0x34 ./Drivers/STM32F4xx_HAL_Driver/Src/stm32f4xx_hal.o
 .ARM.attributes
                0x0000000000000177       0x34 ./Drivers/STM32F4xx_HAL_Driver/Src/stm32f4xx_hal_cortex.o
 .ARM.attributes
                0x00000000000001ab       0x34 ./Drivers/STM32F4xx_HAL_Driver/Src/stm32f4xx_hal_dma.o
 .ARM.attributes
                0x00000000000001df       0x34 ./Drivers/STM32F4xx_HAL_Driver/Src/stm32f4xx_hal_gpio.o
 .ARM.attributes
                0x0000000000000213       0x34 ./Drivers/STM32F4xx_HAL_Driver/Src/stm32f4xx_hal_pcd.o
 .ARM.attributes
                0x0000000000000247       0x34 ./Drivers/STM32F4xx_HAL_Driver/Src/stm32f4xx_hal_pcd_ex.o
 .ARM.attributes
                0x000000000000027b       0x34 ./Drivers/STM32F4xx_HAL_Driver/Src/stm32f4xx_hal_rcc.o
 .ARM.attributes
                0x00000000000002af       0x34 ./Drivers/STM32F4xx_HAL_Driver/Src/stm32f4xx_hal_spi.o
 .ARM.attributes
                0x00000000000002e3       0x34 ./Drivers/STM32F4xx_HAL_Driver/Src/stm32f4xx_hal_tim.o
 .ARM.attributes
                0x0000000000000317       0x34 ./Drivers/STM32F4xx_HAL_Driver/Src/stm32f4xx_hal_tim_ex.o
 .ARM.attributes
                0x000000000000034b       0x34 ./Drivers/STM32F4xx_HAL_Driver/Src/stm32f4xx_ll_usb.o
 .ARM.attributes
                0x000000000000037f       0x34 ./Middlewares/ST/STM32_USB_Device_Library/Class/CDC/Src/usbd_cdc.o
 .ARM.attributes
                0x00000000000003b3       0x34 ./Middlewares/ST/STM32_USB_Device_Library/Core/Src/usbd_core.o
 .ARM.attributes
                0x00000000000003e7       0x34 ./Middlewares/ST/STM32_USB_Device_Library/Core/Src/usbd_ctlreq.o
 .ARM.attributes
                0x000000000000041b       0x34 ./Middlewares/ST/STM32_USB_Device_Library/Core/Src/usbd_ioreq.o
 .ARM.attributes
                0x000000000000044f       0x34 ./USB_DEVICE/App/usb_device.o
 .ARM.attributes
                0x0000000000000483       0x34 ./USB_DEVICE/App/usbd_cdc_if.o
 .ARM.attributes
                0x00000000000004b7       0x34 ./USB_DEVICE/App/usbd_desc.o
 .ARM.attributes
                0x00000000000004eb       0x34 ./USB_DEVICE/Target/usbd_conf.o
 .ARM.attributes
                0x000000000000051f       0x34 /opt/st/stm32cubeide_1.14.0/plugins/com.st.stm32cube.ide.mcu.externaltools.gnu-tools-for-stm32.11.3.rel1.linux64_1.1.100.202309141235/tools/bin/../lib/gcc/arm-none-eabi/11.3.1/../../../../arm-none-eabi/lib/thumb/v7e-m+fp/hard/libc_nano.a(libc_a-memset.o)
 .ARM.attributes
                0x0000000000000553       0x34 /opt/st/stm32cubeide_1.14.0/plugins/com.st.stm32cube.ide.mcu.externaltools.gnu-tools-for-stm32.11.3.rel1.linux64_1.1.100.202309141235/tools/bin/../lib/gcc/arm-none-eabi/11.3.1/../../../../arm-none-eabi/lib/thumb/v7e-m+fp/hard/libc_nano.a(libc_a-init.o)
 .ARM.attributes
                0x0000000000000587       0x1e /opt/st/stm32cubeide_1.14.0/plugins/com.st.stm32cube.ide.mcu.externaltools.gnu-tools-for-stm32.11.3.rel1.linux64_1.1.100.202309141235/tools/bin/../lib/gcc/arm-none-eabi/11.3.1/thumb/v7e-m+fp/hard/libgcc.a(_aeabi_uldivmod.o)
 .ARM.attributes
                0x00000000000005a5       0x34 /opt/st/stm32cubeide_1.14.0/plugins/com.st.stm32cube.ide.mcu.externaltools.gnu-tools-for-stm32.11.3.rel1.linux64_1.1.100.202309141235/tools/bin/../lib/gcc/arm-none-eabi/11.3.1/thumb/v7e-m+fp/hard/libgcc.a(_udivmoddi4.o)
 .ARM.attributes
                0x00000000000005d9       0x1e /opt/st/stm32cubeide_1.14.0/plugins/com.st.stm32cube.ide.mcu.externaltools.gnu-tools-for-stm32.11.3.rel1.linux64_1.1.100.202309141235/tools/bin/../lib/gcc/arm-none-eabi/11.3.1/thumb/v7e-m+fp/hard/libgcc.a(_dvmd_tls.o)
 .ARM.attributes
                0x00000000000005f7       0x1e /opt/st/stm32cubeide_1.14.0/plugins/com.st.stm32cube.ide.mcu.externaltools.gnu-tools-for-stm32.11.3.rel1.linux64_1.1.100.202309141235/tools/bin/../lib/gcc/arm-none-eabi/11.3.1/thumb/v7e-m+fp/hard/crtn.o
OUTPUT(STM32_SHIT.elf elf32-littlearm)
LOAD linker stubs
LOAD /opt/st/stm32cubeide_1.14.0/plugins/com.st.stm32cube.ide.mcu.externaltools.gnu-tools-for-stm32.11.3.rel1.linux64_1.1.100.202309141235/tools/bin/../lib/gcc/arm-none-eabi/11.3.1/../../../../arm-none-eabi/lib/thumb/v7e-m+fp/hard/libc.a
LOAD /opt/st/stm32cubeide_1.14.0/plugins/com.st.stm32cube.ide.mcu.externaltools.gnu-tools-for-stm32.11.3.rel1.linux64_1.1.100.202309141235/tools/bin/../lib/gcc/arm-none-eabi/11.3.1/../../../../arm-none-eabi/lib/thumb/v7e-m+fp/hard/libm.a
LOAD /opt/st/stm32cubeide_1.14.0/plugins/com.st.stm32cube.ide.mcu.externaltools.gnu-tools-for-stm32.11.3.rel1.linux64_1.1.100.202309141235/tools/bin/../lib/gcc/arm-none-eabi/11.3.1/thumb/v7e-m+fp/hard/libgcc.a

.comment        0x0000000000000000       0x43
 .comment       0x0000000000000000       0x43 /opt/st/stm32cubeide_1.14.0/plugins/com.st.stm32cube.ide.mcu.externaltools.gnu-tools-for-stm32.11.3.rel1.linux64_1.1.100.202309141235/tools/bin/../lib/gcc/arm-none-eabi/11.3.1/thumb/v7e-m+fp/hard/crtbegin.o
                                         0x44 (size before relaxing)
 .comment       0x0000000000000043       0x44 ./Core/Src/main.o
 .comment       0x0000000000000043       0x44 ./Core/Src/stm32f4xx_hal_msp.o
 .comment       0x0000000000000043       0x44 ./Core/Src/stm32f4xx_it.o
 .comment       0x0000000000000043       0x44 ./Core/Src/system_stm32f4xx.o
 .comment       0x0000000000000043       0x44 ./Drivers/STM32F4xx_HAL_Driver/Src/stm32f4xx_hal.o
 .comment       0x0000000000000043       0x44 ./Drivers/STM32F4xx_HAL_Driver/Src/stm32f4xx_hal_cortex.o
 .comment       0x0000000000000043       0x44 ./Drivers/STM32F4xx_HAL_Driver/Src/stm32f4xx_hal_dma.o
 .comment       0x0000000000000043       0x44 ./Drivers/STM32F4xx_HAL_Driver/Src/stm32f4xx_hal_gpio.o
 .comment       0x0000000000000043       0x44 ./Drivers/STM32F4xx_HAL_Driver/Src/stm32f4xx_hal_pcd.o
 .comment       0x0000000000000043       0x44 ./Drivers/STM32F4xx_HAL_Driver/Src/stm32f4xx_hal_pcd_ex.o
 .comment       0x0000000000000043       0x44 ./Drivers/STM32F4xx_HAL_Driver/Src/stm32f4xx_hal_rcc.o
 .comment       0x0000000000000043       0x44 ./Drivers/STM32F4xx_HAL_Driver/Src/stm32f4xx_hal_spi.o
 .comment       0x0000000000000043       0x44 ./Drivers/STM32F4xx_HAL_Driver/Src/stm32f4xx_hal_tim.o
 .comment       0x0000000000000043       0x44 ./Drivers/STM32F4xx_HAL_Driver/Src/stm32f4xx_hal_tim_ex.o
 .comment       0x0000000000000043       0x44 ./Drivers/STM32F4xx_HAL_Driver/Src/stm32f4xx_ll_usb.o
 .comment       0x0000000000000043       0x44 ./Middlewares/ST/STM32_USB_Device_Library/Class/CDC/Src/usbd_cdc.o
 .comment       0x0000000000000043       0x44 ./Middlewares/ST/STM32_USB_Device_Library/Core/Src/usbd_core.o
 .comment       0x0000000000000043       0x44 ./Middlewares/ST/STM32_USB_Device_Library/Core/Src/usbd_ctlreq.o
 .comment       0x0000000000000043       0x44 ./Middlewares/ST/STM32_USB_Device_Library/Core/Src/usbd_ioreq.o
 .comment       0x0000000000000043       0x44 ./USB_DEVICE/App/usb_device.o
 .comment       0x0000000000000043       0x44 ./USB_DEVICE/App/usbd_cdc_if.o
 .comment       0x0000000000000043       0x44 ./USB_DEVICE/App/usbd_desc.o
 .comment       0x0000000000000043       0x44 ./USB_DEVICE/Target/usbd_conf.o

.debug_info     0x0000000000000000    0x151a4
 .debug_info    0x0000000000000000     0x1554 ./Core/Src/main.o
 .debug_info    0x0000000000001554      0xfad ./Core/Src/stm32f4xx_hal_msp.o
 .debug_info    0x0000000000002501      0xb4f ./Core/Src/stm32f4xx_it.o
 .debug_info    0x0000000000003050      0x53e ./Core/Src/system_stm32f4xx.o
 .debug_info    0x000000000000358e       0x23 ./Core/Startup/startup_stm32f411ceux.o
 .debug_info    0x00000000000035b1      0x8c4 ./Drivers/STM32F4xx_HAL_Driver/Src/stm32f4xx_hal.o
 .debug_info    0x0000000000003e75      0xcc7 ./Drivers/STM32F4xx_HAL_Driver/Src/stm32f4xx_hal_cortex.o
 .debug_info    0x0000000000004b3c      0x8e6 ./Drivers/STM32F4xx_HAL_Driver/Src/stm32f4xx_hal_dma.o
 .debug_info    0x0000000000005422      0x6f9 ./Drivers/STM32F4xx_HAL_Driver/Src/stm32f4xx_hal_gpio.o
 .debug_info    0x0000000000005b1b     0x1577 ./Drivers/STM32F4xx_HAL_Driver/Src/stm32f4xx_hal_pcd.o
 .debug_info    0x0000000000007092      0x6ea ./Drivers/STM32F4xx_HAL_Driver/Src/stm32f4xx_hal_pcd_ex.o
 .debug_info    0x000000000000777c      0x8f2 ./Drivers/STM32F4xx_HAL_Driver/Src/stm32f4xx_hal_rcc.o
 .debug_info    0x000000000000806e     0x1606 ./Drivers/STM32F4xx_HAL_Driver/Src/stm32f4xx_hal_spi.o
 .debug_info    0x0000000000009674     0x2996 ./Drivers/STM32F4xx_HAL_Driver/Src/stm32f4xx_hal_tim.o
 .debug_info    0x000000000000c00a     0x14d4 ./Drivers/STM32F4xx_HAL_Driver/Src/stm32f4xx_hal_tim_ex.o
 .debug_info    0x000000000000d4de     0x1993 ./Drivers/STM32F4xx_HAL_Driver/Src/stm32f4xx_ll_usb.o
 .debug_info    0x000000000000ee71     0x12a3 ./Middlewares/ST/STM32_USB_Device_Library/Class/CDC/Src/usbd_cdc.o
 .debug_info    0x0000000000010114      0xe05 ./Middlewares/ST/STM32_USB_Device_Library/Core/Src/usbd_core.o
 .debug_info    0x0000000000010f19      0xade ./Middlewares/ST/STM32_USB_Device_Library/Core/Src/usbd_ctlreq.o
 .debug_info    0x00000000000119f7      0x755 ./Middlewares/ST/STM32_USB_Device_Library/Core/Src/usbd_ioreq.o
 .debug_info    0x000000000001214c      0x701 ./USB_DEVICE/App/usb_device.o
 .debug_info    0x000000000001284d      0x8fa ./USB_DEVICE/App/usbd_cdc_if.o
 .debug_info    0x0000000000013147      0x458 ./USB_DEVICE/App/usbd_desc.o
 .debug_info    0x000000000001359f     0x1c05 ./USB_DEVICE/Target/usbd_conf.o

.debug_abbrev   0x0000000000000000     0x3667
 .debug_abbrev  0x0000000000000000      0x3a7 ./Core/Src/main.o
 .debug_abbrev  0x00000000000003a7      0x218 ./Core/Src/stm32f4xx_hal_msp.o
 .debug_abbrev  0x00000000000005bf      0x1d3 ./Core/Src/stm32f4xx_it.o
 .debug_abbrev  0x0000000000000792      0x11a ./Core/Src/system_stm32f4xx.o
 .debug_abbrev  0x00000000000008ac       0x12 ./Core/Startup/startup_stm32f411ceux.o
 .debug_abbrev  0x00000000000008be      0x24b ./Drivers/STM32F4xx_HAL_Driver/Src/stm32f4xx_hal.o
 .debug_abbrev  0x0000000000000b09      0x328 ./Drivers/STM32F4xx_HAL_Driver/Src/stm32f4xx_hal_cortex.o
 .debug_abbrev  0x0000000000000e31      0x221 ./Drivers/STM32F4xx_HAL_Driver/Src/stm32f4xx_hal_dma.o
 .debug_abbrev  0x0000000000001052      0x1d3 ./Drivers/STM32F4xx_HAL_Driver/Src/stm32f4xx_hal_gpio.o
 .debug_abbrev  0x0000000000001225      0x2b6 ./Drivers/STM32F4xx_HAL_Driver/Src/stm32f4xx_hal_pcd.o
 .debug_abbrev  0x00000000000014db      0x1da ./Drivers/STM32F4xx_HAL_Driver/Src/stm32f4xx_hal_pcd_ex.o
 .debug_abbrev  0x00000000000016b5      0x2b5 ./Drivers/STM32F4xx_HAL_Driver/Src/stm32f4xx_hal_rcc.o
 .debug_abbrev  0x000000000000196a      0x280 ./Drivers/STM32F4xx_HAL_Driver/Src/stm32f4xx_hal_spi.o
 .debug_abbrev  0x0000000000001bea      0x28b ./Drivers/STM32F4xx_HAL_Driver/Src/stm32f4xx_hal_tim.o
 .debug_abbrev  0x0000000000001e75      0x296 ./Drivers/STM32F4xx_HAL_Driver/Src/stm32f4xx_hal_tim_ex.o
 .debug_abbrev  0x000000000000210b      0x2b3 ./Drivers/STM32F4xx_HAL_Driver/Src/stm32f4xx_ll_usb.o
 .debug_abbrev  0x00000000000023be      0x2d2 ./Middlewares/ST/STM32_USB_Device_Library/Class/CDC/Src/usbd_cdc.o
 .debug_abbrev  0x0000000000002690      0x27c ./Middlewares/ST/STM32_USB_Device_Library/Core/Src/usbd_core.o
 .debug_abbrev  0x000000000000290c      0x26f ./Middlewares/ST/STM32_USB_Device_Library/Core/Src/usbd_ctlreq.o
 .debug_abbrev  0x0000000000002b7b      0x19a ./Middlewares/ST/STM32_USB_Device_Library/Core/Src/usbd_ioreq.o
 .debug_abbrev  0x0000000000002d15      0x195 ./USB_DEVICE/App/usb_device.o
 .debug_abbrev  0x0000000000002eaa      0x29d ./USB_DEVICE/App/usbd_cdc_if.o
 .debug_abbrev  0x0000000000003147      0x1e1 ./USB_DEVICE/App/usbd_desc.o
 .debug_abbrev  0x0000000000003328      0x33f ./USB_DEVICE/Target/usbd_conf.o

.debug_aranges  0x0000000000000000     0x1348
 .debug_aranges
                0x0000000000000000       0x70 ./Core/Src/main.o
 .debug_aranges
                0x0000000000000070       0x40 ./Core/Src/stm32f4xx_hal_msp.o
 .debug_aranges
                0x00000000000000b0       0x80 ./Core/Src/stm32f4xx_it.o
 .debug_aranges
                0x0000000000000130       0x28 ./Core/Src/system_stm32f4xx.o
 .debug_aranges
                0x0000000000000158       0x28 ./Core/Startup/startup_stm32f411ceux.o
 .debug_aranges
                0x0000000000000180       0xf0 ./Drivers/STM32F4xx_HAL_Driver/Src/stm32f4xx_hal.o
 .debug_aranges
                0x0000000000000270      0x120 ./Drivers/STM32F4xx_HAL_Driver/Src/stm32f4xx_hal_cortex.o
 .debug_aranges
                0x0000000000000390       0x90 ./Drivers/STM32F4xx_HAL_Driver/Src/stm32f4xx_hal_dma.o
 .debug_aranges
                0x0000000000000420       0x58 ./Drivers/STM32F4xx_HAL_Driver/Src/stm32f4xx_hal_gpio.o
 .debug_aranges
                0x0000000000000478      0x148 ./Drivers/STM32F4xx_HAL_Driver/Src/stm32f4xx_hal_pcd.o
 .debug_aranges
                0x00000000000005c0       0x38 ./Drivers/STM32F4xx_HAL_Driver/Src/stm32f4xx_hal_pcd_ex.o
 .debug_aranges
                0x00000000000005f8       0x88 ./Drivers/STM32F4xx_HAL_Driver/Src/stm32f4xx_hal_rcc.o
 .debug_aranges
                0x0000000000000680      0x1d0 ./Drivers/STM32F4xx_HAL_Driver/Src/stm32f4xx_hal_spi.o
 .debug_aranges
                0x0000000000000850      0x3d0 ./Drivers/STM32F4xx_HAL_Driver/Src/stm32f4xx_hal_tim.o
 .debug_aranges
                0x0000000000000c20      0x168 ./Drivers/STM32F4xx_HAL_Driver/Src/stm32f4xx_hal_tim_ex.o
 .debug_aranges
                0x0000000000000d88      0x1a0 ./Drivers/STM32F4xx_HAL_Driver/Src/stm32f4xx_ll_usb.o
 .debug_aranges
                0x0000000000000f28       0x90 ./Middlewares/ST/STM32_USB_Device_Library/Class/CDC/Src/usbd_cdc.o
 .debug_aranges
                0x0000000000000fb8       0xd8 ./Middlewares/ST/STM32_USB_Device_Library/Core/Src/usbd_core.o
 .debug_aranges
                0x0000000000001090       0x90 ./Middlewares/ST/STM32_USB_Device_Library/Core/Src/usbd_ctlreq.o
 .debug_aranges
                0x0000000000001120       0x50 ./Middlewares/ST/STM32_USB_Device_Library/Core/Src/usbd_ioreq.o
 .debug_aranges
                0x0000000000001170       0x20 ./USB_DEVICE/App/usb_device.o
 .debug_aranges
                0x0000000000001190       0x48 ./USB_DEVICE/App/usbd_cdc_if.o
 .debug_aranges
                0x00000000000011d8       0x60 ./USB_DEVICE/App/usbd_desc.o
 .debug_aranges
                0x0000000000001238      0x110 ./USB_DEVICE/Target/usbd_conf.o

.debug_rnglists
                0x0000000000000000      0xebe
 .debug_rnglists
                0x0000000000000000       0x53 ./Core/Src/main.o
 .debug_rnglists
                0x0000000000000053       0x2d ./Core/Src/stm32f4xx_hal_msp.o
 .debug_rnglists
                0x0000000000000080       0x5b ./Core/Src/stm32f4xx_it.o
 .debug_rnglists
                0x00000000000000db       0x1a ./Core/Src/system_stm32f4xx.o
 .debug_rnglists
                0x00000000000000f5       0x19 ./Core/Startup/startup_stm32f411ceux.o
 .debug_rnglists
                0x000000000000010e       0xaf ./Drivers/STM32F4xx_HAL_Driver/Src/stm32f4xx_hal.o
 .debug_rnglists
                0x00000000000001bd       0xd4 ./Drivers/STM32F4xx_HAL_Driver/Src/stm32f4xx_hal_cortex.o
 .debug_rnglists
                0x0000000000000291       0x70 ./Drivers/STM32F4xx_HAL_Driver/Src/stm32f4xx_hal_dma.o
 .debug_rnglists
                0x0000000000000301       0x3f ./Drivers/STM32F4xx_HAL_Driver/Src/stm32f4xx_hal_gpio.o
 .debug_rnglists
                0x0000000000000340       0xfa ./Drivers/STM32F4xx_HAL_Driver/Src/stm32f4xx_hal_pcd.o
 .debug_rnglists
                0x000000000000043a       0x26 ./Drivers/STM32F4xx_HAL_Driver/Src/stm32f4xx_hal_pcd_ex.o
 .debug_rnglists
                0x0000000000000460       0x66 ./Drivers/STM32F4xx_HAL_Driver/Src/stm32f4xx_hal_rcc.o
 .debug_rnglists
                0x00000000000004c6      0x16f ./Drivers/STM32F4xx_HAL_Driver/Src/stm32f4xx_hal_spi.o
 .debug_rnglists
                0x0000000000000635      0x31a ./Drivers/STM32F4xx_HAL_Driver/Src/stm32f4xx_hal_tim.o
 .debug_rnglists
                0x000000000000094f      0x125 ./Drivers/STM32F4xx_HAL_Driver/Src/stm32f4xx_hal_tim_ex.o
 .debug_rnglists
                0x0000000000000a74      0x147 ./Drivers/STM32F4xx_HAL_Driver/Src/stm32f4xx_ll_usb.o
 .debug_rnglists
                0x0000000000000bbb       0x6c ./Middlewares/ST/STM32_USB_Device_Library/Class/CDC/Src/usbd_cdc.o
 .debug_rnglists
                0x0000000000000c27       0xa1 ./Middlewares/ST/STM32_USB_Device_Library/Core/Src/usbd_core.o
 .debug_rnglists
                0x0000000000000cc8       0x6e ./Middlewares/ST/STM32_USB_Device_Library/Core/Src/usbd_ctlreq.o
 .debug_rnglists
                0x0000000000000d36       0x37 ./Middlewares/ST/STM32_USB_Device_Library/Core/Src/usbd_ioreq.o
 .debug_rnglists
                0x0000000000000d6d       0x13 ./USB_DEVICE/App/usb_device.o
 .debug_rnglists
                0x0000000000000d80       0x32 ./USB_DEVICE/App/usbd_cdc_if.o
 .debug_rnglists
                0x0000000000000db2       0x43 ./USB_DEVICE/App/usbd_desc.o
 .debug_rnglists
                0x0000000000000df5       0xc9 ./USB_DEVICE/Target/usbd_conf.o

.debug_macro    0x0000000000000000    0x1916e
 .debug_macro   0x0000000000000000      0x3b9 ./Core/Src/main.o
 .debug_macro   0x00000000000003b9      0xaa8 ./Core/Src/main.o
 .debug_macro   0x0000000000000e61      0x2a1 ./Core/Src/main.o
 .debug_macro   0x0000000000001102       0x2e ./Core/Src/main.o
 .debug_macro   0x0000000000001130       0x28 ./Core/Src/main.o
 .debug_macro   0x0000000000001158       0x22 ./Core/Src/main.o
 .debug_macro   0x000000000000117a       0x8e ./Core/Src/main.o
 .debug_macro   0x0000000000001208       0x51 ./Core/Src/main.o
 .debug_macro   0x0000000000001259      0x103 ./Core/Src/main.o
 .debug_macro   0x000000000000135c       0x6a ./Core/Src/main.o
 .debug_macro   0x00000000000013c6      0x1df ./Core/Src/main.o
 .debug_macro   0x00000000000015a5       0x1c ./Core/Src/main.o
 .debug_macro   0x00000000000015c1       0x22 ./Core/Src/main.o
 .debug_macro   0x00000000000015e3       0xfb ./Core/Src/main.o
 .debug_macro   0x00000000000016de     0x1011 ./Core/Src/main.o
 .debug_macro   0x00000000000026ef      0x11f ./Core/Src/main.o
 .debug_macro   0x000000000000280e     0xb953 ./Core/Src/main.o
 .debug_macro   0x000000000000e161       0x6d ./Core/Src/main.o
 .debug_macro   0x000000000000e1ce     0x368c ./Core/Src/main.o
 .debug_macro   0x000000000001185a      0x174 ./Core/Src/main.o
 .debug_macro   0x00000000000119ce       0x5c ./Core/Src/main.o
 .debug_macro   0x0000000000011a2a      0x45c ./Core/Src/main.o
 .debug_macro   0x0000000000011e86      0x9e9 ./Core/Src/main.o
 .debug_macro   0x000000000001286f      0x115 ./Core/Src/main.o
 .debug_macro   0x0000000000012984      0x11b ./Core/Src/main.o
 .debug_macro   0x0000000000012a9f       0xa5 ./Core/Src/main.o
 .debug_macro   0x0000000000012b44      0x15f ./Core/Src/main.o
 .debug_macro   0x0000000000012ca3      0x287 ./Core/Src/main.o
 .debug_macro   0x0000000000012f2a       0x5f ./Core/Src/main.o
 .debug_macro   0x0000000000012f89      0x236 ./Core/Src/main.o
 .debug_macro   0x00000000000131bf      0x132 ./Core/Src/main.o
 .debug_macro   0x00000000000132f1      0x264 ./Core/Src/main.o
 .debug_macro   0x0000000000013555       0x2e ./Core/Src/main.o
 .debug_macro   0x0000000000013583      0x127 ./Core/Src/main.o
 .debug_macro   0x00000000000136aa       0x85 ./Core/Src/main.o
 .debug_macro   0x000000000001372f       0x89 ./Core/Src/main.o
 .debug_macro   0x00000000000137b8      0x225 ./Core/Src/main.o
 .debug_macro   0x00000000000139dd      0x8ed ./Core/Src/main.o
 .debug_macro   0x00000000000142ca       0x47 ./Core/Src/main.o
 .debug_macro   0x0000000000014311      0x293 ./Core/Src/main.o
 .debug_macro   0x00000000000145a4       0xba ./Core/Src/main.o
 .debug_macro   0x000000000001465e      0x126 ./Core/Src/main.o
 .debug_macro   0x0000000000014784       0x61 ./Core/Src/main.o
 .debug_macro   0x00000000000147e5       0x2a ./Core/Src/main.o
 .debug_macro   0x000000000001480f       0x43 ./Core/Src/main.o
 .debug_macro   0x0000000000014852       0x34 ./Core/Src/main.o
 .debug_macro   0x0000000000014886       0x16 ./Core/Src/main.o
 .debug_macro   0x000000000001489c       0x35 ./Core/Src/main.o
 .debug_macro   0x00000000000148d1      0x369 ./Core/Src/main.o
 .debug_macro   0x0000000000014c3a       0x10 ./Core/Src/main.o
 .debug_macro   0x0000000000014c4a       0x16 ./Core/Src/main.o
 .debug_macro   0x0000000000014c60       0x43 ./Core/Src/main.o
 .debug_macro   0x0000000000014ca3       0x34 ./Core/Src/main.o
 .debug_macro   0x0000000000014cd7       0x10 ./Core/Src/main.o
 .debug_macro   0x0000000000014ce7       0x58 ./Core/Src/main.o
 .debug_macro   0x0000000000014d3f       0x8e ./Core/Src/main.o
 .debug_macro   0x0000000000014dcd       0x1c ./Core/Src/main.o
 .debug_macro   0x0000000000014de9      0x177 ./Core/Src/main.o
 .debug_macro   0x0000000000014f60       0x16 ./Core/Src/main.o
 .debug_macro   0x0000000000014f76       0x16 ./Core/Src/main.o
 .debug_macro   0x0000000000014f8c      0x147 ./Core/Src/main.o
 .debug_macro   0x00000000000150d3       0x16 ./Core/Src/main.o
 .debug_macro   0x00000000000150e9       0x16 ./Core/Src/main.o
 .debug_macro   0x00000000000150ff       0x29 ./Core/Src/main.o
 .debug_macro   0x0000000000015128       0x16 ./Core/Src/main.o
 .debug_macro   0x000000000001513e       0x20 ./Core/Src/main.o
 .debug_macro   0x000000000001515e       0x65 ./Core/Src/main.o
 .debug_macro   0x00000000000151c3      0x20f ./Core/Src/main.o
 .debug_macro   0x00000000000153d2       0x95 ./Core/Src/main.o
 .debug_macro   0x0000000000015467       0x10 ./Core/Src/main.o
 .debug_macro   0x0000000000015477       0x1c ./Core/Src/main.o
 .debug_macro   0x0000000000015493      0x1fc ./Core/Src/stm32f4xx_hal_msp.o
 .debug_macro   0x000000000001568f      0x206 ./Core/Src/stm32f4xx_it.o
 .debug_macro   0x0000000000015895      0x1f2 ./Core/Src/system_stm32f4xx.o
 .debug_macro   0x0000000000015a87      0x252 ./Drivers/STM32F4xx_HAL_Driver/Src/stm32f4xx_hal.o
 .debug_macro   0x0000000000015cd9      0x1f2 ./Drivers/STM32F4xx_HAL_Driver/Src/stm32f4xx_hal_cortex.o
 .debug_macro   0x0000000000015ecb      0x1f8 ./Drivers/STM32F4xx_HAL_Driver/Src/stm32f4xx_hal_dma.o
 .debug_macro   0x00000000000160c3      0x1f8 ./Drivers/STM32F4xx_HAL_Driver/Src/stm32f4xx_hal_gpio.o
 .debug_macro   0x00000000000162bb      0x1fe ./Drivers/STM32F4xx_HAL_Driver/Src/stm32f4xx_hal_pcd.o
 .debug_macro   0x00000000000164b9      0x1f2 ./Drivers/STM32F4xx_HAL_Driver/Src/stm32f4xx_hal_pcd_ex.o
 .debug_macro   0x00000000000166ab      0x216 ./Drivers/STM32F4xx_HAL_Driver/Src/stm32f4xx_hal_rcc.o
 .debug_macro   0x00000000000168c1      0x201 ./Drivers/STM32F4xx_HAL_Driver/Src/stm32f4xx_hal_spi.o
 .debug_macro   0x0000000000016ac2      0x1f3 ./Drivers/STM32F4xx_HAL_Driver/Src/stm32f4xx_hal_tim.o
 .debug_macro   0x0000000000016cb5      0x1f2 ./Drivers/STM32F4xx_HAL_Driver/Src/stm32f4xx_hal_tim_ex.o
 .debug_macro   0x0000000000016ea7      0x1f2 ./Drivers/STM32F4xx_HAL_Driver/Src/stm32f4xx_ll_usb.o
 .debug_macro   0x0000000000017099      0x38b ./Middlewares/ST/STM32_USB_Device_Library/Class/CDC/Src/usbd_cdc.o
 .debug_macro   0x0000000000017424       0x97 ./Middlewares/ST/STM32_USB_Device_Library/Class/CDC/Src/usbd_cdc.o
 .debug_macro   0x00000000000174bb       0xfd ./Middlewares/ST/STM32_USB_Device_Library/Class/CDC/Src/usbd_cdc.o
 .debug_macro   0x00000000000175b8       0x56 ./Middlewares/ST/STM32_USB_Device_Library/Class/CDC/Src/usbd_cdc.o
 .debug_macro   0x000000000001760e      0x372 ./Middlewares/ST/STM32_USB_Device_Library/Core/Src/usbd_core.o
 .debug_macro   0x0000000000017980      0x215 ./Middlewares/ST/STM32_USB_Device_Library/Core/Src/usbd_core.o
 .debug_macro   0x0000000000017b95      0x37c ./Middlewares/ST/STM32_USB_Device_Library/Core/Src/usbd_ctlreq.o
 .debug_macro   0x0000000000017f11      0x378 ./Middlewares/ST/STM32_USB_Device_Library/Core/Src/usbd_ioreq.o
 .debug_macro   0x0000000000018289      0x3b1 ./USB_DEVICE/App/usb_device.o
 .debug_macro   0x000000000001863a       0x22 ./USB_DEVICE/App/usb_device.o
 .debug_macro   0x000000000001865c       0x16 ./USB_DEVICE/App/usb_device.o
 .debug_macro   0x0000000000018672      0x396 ./USB_DEVICE/App/usbd_cdc_if.o
 .debug_macro   0x0000000000018a08      0x3b5 ./USB_DEVICE/App/usbd_desc.o
 .debug_macro   0x0000000000018dbd       0x1c ./USB_DEVICE/App/usbd_desc.o
 .debug_macro   0x0000000000018dd9      0x395 ./USB_DEVICE/Target/usbd_conf.o

.debug_line     0x0000000000000000    0x166c5
 .debug_line    0x0000000000000000      0xc03 ./Core/Src/main.o
 .debug_line    0x0000000000000c03      0x7d7 ./Core/Src/stm32f4xx_hal_msp.o
 .debug_line    0x00000000000013da      0x7fc ./Core/Src/stm32f4xx_it.o
 .debug_line    0x0000000000001bd6      0x75b ./Core/Src/system_stm32f4xx.o
 .debug_line    0x0000000000002331       0x7a ./Core/Startup/startup_stm32f411ceux.o
 .debug_line    0x00000000000023ab      0x9c1 ./Drivers/STM32F4xx_HAL_Driver/Src/stm32f4xx_hal.o
 .debug_line    0x0000000000002d6c      0xc8d ./Drivers/STM32F4xx_HAL_Driver/Src/stm32f4xx_hal_cortex.o
 .debug_line    0x00000000000039f9      0xf25 ./Drivers/STM32F4xx_HAL_Driver/Src/stm32f4xx_hal_dma.o
 .debug_line    0x000000000000491e      0xaf9 ./Drivers/STM32F4xx_HAL_Driver/Src/stm32f4xx_hal_gpio.o
 .debug_line    0x0000000000005417     0x144f ./Drivers/STM32F4xx_HAL_Driver/Src/stm32f4xx_hal_pcd.o
 .debug_line    0x0000000000006866      0x7a4 ./Drivers/STM32F4xx_HAL_Driver/Src/stm32f4xx_hal_pcd_ex.o
 .debug_line    0x000000000000700a      0xd38 ./Drivers/STM32F4xx_HAL_Driver/Src/stm32f4xx_hal_rcc.o
 .debug_line    0x0000000000007d42     0x1c98 ./Drivers/STM32F4xx_HAL_Driver/Src/stm32f4xx_hal_spi.o
 .debug_line    0x00000000000099da     0x3527 ./Drivers/STM32F4xx_HAL_Driver/Src/stm32f4xx_hal_tim.o
 .debug_line    0x000000000000cf01     0x1958 ./Drivers/STM32F4xx_HAL_Driver/Src/stm32f4xx_hal_tim_ex.o
 .debug_line    0x000000000000e859     0x1b31 ./Drivers/STM32F4xx_HAL_Driver/Src/stm32f4xx_ll_usb.o
 .debug_line    0x000000000001038a      0xe4f ./Middlewares/ST/STM32_USB_Device_Library/Class/CDC/Src/usbd_cdc.o
 .debug_line    0x00000000000111d9      0xecc ./Middlewares/ST/STM32_USB_Device_Library/Core/Src/usbd_core.o
 .debug_line    0x00000000000120a5     0x10b9 ./Middlewares/ST/STM32_USB_Device_Library/Core/Src/usbd_ctlreq.o
 .debug_line    0x000000000001315e      0x9e3 ./Middlewares/ST/STM32_USB_Device_Library/Core/Src/usbd_ioreq.o
 .debug_line    0x0000000000013b41      0x99f ./USB_DEVICE/App/usb_device.o
 .debug_line    0x00000000000144e0      0xa02 ./USB_DEVICE/App/usbd_cdc_if.o
 .debug_line    0x0000000000014ee2      0xa68 ./USB_DEVICE/App/usbd_desc.o
 .debug_line    0x000000000001594a      0xd7b ./USB_DEVICE/Target/usbd_conf.o

.debug_str      0x0000000000000000    0x9182a
 .debug_str     0x0000000000000000    0x8cc96 ./Core/Src/main.o
                                      0x8d089 (size before relaxing)
 .debug_str     0x000000000008cc96      0x110 ./Core/Src/stm32f4xx_hal_msp.o
                                      0x8863d (size before relaxing)
 .debug_str     0x000000000008cda6      0x4c6 ./Core/Src/stm32f4xx_it.o
                                      0x881e0 (size before relaxing)
 .debug_str     0x000000000008d26c       0xdb ./Core/Src/system_stm32f4xx.o
                                      0x87a86 (size before relaxing)
 .debug_str     0x000000000008d347       0x34 ./Core/Startup/startup_stm32f411ceux.o
                                         0x71 (size before relaxing)
 .debug_str     0x000000000008d37b      0x5df ./Drivers/STM32F4xx_HAL_Driver/Src/stm32f4xx_hal.o
                                      0x884b2 (size before relaxing)
 .debug_str     0x000000000008d95a      0x333 ./Drivers/STM32F4xx_HAL_Driver/Src/stm32f4xx_hal_cortex.o
                                      0x881ea (size before relaxing)
 .debug_str     0x000000000008dc8d      0x2e6 ./Drivers/STM32F4xx_HAL_Driver/Src/stm32f4xx_hal_dma.o
                                      0x87e8e (size before relaxing)
 .debug_str     0x000000000008df73      0x122 ./Drivers/STM32F4xx_HAL_Driver/Src/stm32f4xx_hal_gpio.o
                                      0x87c01 (size before relaxing)
 .debug_str     0x000000000008e095      0x831 ./Drivers/STM32F4xx_HAL_Driver/Src/stm32f4xx_hal_pcd.o
                                      0x88552 (size before relaxing)
 .debug_str     0x000000000008e8c6      0x115 ./Drivers/STM32F4xx_HAL_Driver/Src/stm32f4xx_hal_pcd_ex.o
                                      0x87e42 (size before relaxing)
 .debug_str     0x000000000008e9db      0x21f ./Drivers/STM32F4xx_HAL_Driver/Src/stm32f4xx_hal_rcc.o
                                      0x87eba (size before relaxing)
 .debug_str     0x000000000008ebfa      0x543 ./Drivers/STM32F4xx_HAL_Driver/Src/stm32f4xx_hal_spi.o
                                      0x88338 (size before relaxing)
 .debug_str     0x000000000008f13d      0xdc1 ./Drivers/STM32F4xx_HAL_Driver/Src/stm32f4xx_hal_tim.o
                                      0x88dfe (size before relaxing)
 .debug_str     0x000000000008fefe      0x493 ./Drivers/STM32F4xx_HAL_Driver/Src/stm32f4xx_hal_tim_ex.o
                                      0x8860a (size before relaxing)
 .debug_str     0x0000000000090391      0x4b0 ./Drivers/STM32F4xx_HAL_Driver/Src/stm32f4xx_ll_usb.o
                                      0x8842d (size before relaxing)
 .debug_str     0x0000000000090841      0x6cb ./Middlewares/ST/STM32_USB_Device_Library/Class/CDC/Src/usbd_cdc.o
                                      0x8ca7b (size before relaxing)
 .debug_str     0x0000000000090f0c      0x35c ./Middlewares/ST/STM32_USB_Device_Library/Core/Src/usbd_core.o
                                      0x8c3d4 (size before relaxing)
 .debug_str     0x0000000000091268      0x139 ./Middlewares/ST/STM32_USB_Device_Library/Core/Src/usbd_ctlreq.o
                                      0x8c1ff (size before relaxing)
 .debug_str     0x00000000000913a1       0x51 ./Middlewares/ST/STM32_USB_Device_Library/Core/Src/usbd_ioreq.o
                                      0x8c0d4 (size before relaxing)
 .debug_str     0x00000000000913f2       0xc6 ./USB_DEVICE/App/usb_device.o
                                      0x8c487 (size before relaxing)
 .debug_str     0x00000000000914b8       0x91 ./USB_DEVICE/App/usbd_cdc_if.o
                                      0x8c4c7 (size before relaxing)
 .debug_str     0x0000000000091549      0x26e ./USB_DEVICE/App/usbd_desc.o
                                      0x8bfd4 (size before relaxing)
 .debug_str     0x00000000000917b7       0x73 ./USB_DEVICE/Target/usbd_conf.o
                                      0x8d183 (size before relaxing)

.debug_frame    0x0000000000000000     0x50c0
 .debug_frame   0x0000000000000000      0x184 ./Core/Src/main.o
 .debug_frame   0x0000000000000184       0xc8 ./Core/Src/stm32f4xx_hal_msp.o
 .debug_frame   0x000000000000024c      0x174 ./Core/Src/stm32f4xx_it.o
 .debug_frame   0x00000000000003c0       0x58 ./Core/Src/system_stm32f4xx.o
 .debug_frame   0x0000000000000418      0x374 ./Drivers/STM32F4xx_HAL_Driver/Src/stm32f4xx_hal.o
 .debug_frame   0x000000000000078c      0x4b8 ./Drivers/STM32F4xx_HAL_Driver/Src/stm32f4xx_hal_cortex.o
 .debug_frame   0x0000000000000c44      0x250 ./Drivers/STM32F4xx_HAL_Driver/Src/stm32f4xx_hal_dma.o
 .debug_frame   0x0000000000000e94      0x14c ./Drivers/STM32F4xx_HAL_Driver/Src/stm32f4xx_hal_gpio.o
 .debug_frame   0x0000000000000fe0      0x5b8 ./Drivers/STM32F4xx_HAL_Driver/Src/stm32f4xx_hal_pcd.o
 .debug_frame   0x0000000000001598       0xb0 ./Drivers/STM32F4xx_HAL_Driver/Src/stm32f4xx_hal_pcd_ex.o
 .debug_frame   0x0000000000001648      0x1f4 ./Drivers/STM32F4xx_HAL_Driver/Src/stm32f4xx_hal_rcc.o
 .debug_frame   0x000000000000183c      0x828 ./Drivers/STM32F4xx_HAL_Driver/Src/stm32f4xx_hal_spi.o
 .debug_frame   0x0000000000002064     0x11b8 ./Drivers/STM32F4xx_HAL_Driver/Src/stm32f4xx_hal_tim.o
 .debug_frame   0x000000000000321c      0x638 ./Drivers/STM32F4xx_HAL_Driver/Src/stm32f4xx_hal_tim_ex.o
 .debug_frame   0x0000000000003854      0x7c0 ./Drivers/STM32F4xx_HAL_Driver/Src/stm32f4xx_ll_usb.o
 .debug_frame   0x0000000000004014      0x23c ./Middlewares/ST/STM32_USB_Device_Library/Class/CDC/Src/usbd_cdc.o
 .debug_frame   0x0000000000004250      0x390 ./Middlewares/ST/STM32_USB_Device_Library/Core/Src/usbd_core.o
 .debug_frame   0x00000000000045e0      0x23c ./Middlewares/ST/STM32_USB_Device_Library/Core/Src/usbd_ctlreq.o
 .debug_frame   0x000000000000481c      0x10c ./Middlewares/ST/STM32_USB_Device_Library/Core/Src/usbd_ioreq.o
 .debug_frame   0x0000000000004928       0x2c ./USB_DEVICE/App/usb_device.o
 .debug_frame   0x0000000000004954       0xe4 ./USB_DEVICE/App/usbd_cdc_if.o
 .debug_frame   0x0000000000004a38      0x160 ./USB_DEVICE/App/usbd_desc.o